<html>
<body>
<pre>
<h1>µVision Build Log</h1>
<h2>Tool Versions:</h2>
IDE-Version: ¦ÌVision V5.27.0.0
Copyright (C) 2018 ARM Ltd and ARM Germany GmbH. All rights reserved.
License Information: a a, a, LIC=7YKSB-2FZ6R-IMI9B-2DPHW-BZKPW-U3W2I
 
Tool Versions:
Toolchain:       MDK-ARM Professional  Version: 5.27.0.0
Toolchain Path:  D:\Keil_v5\ARM\ARMCC\Bin
C Compiler:      Armcc.exe V5.06 update 6 (build 750)
Assembler:       Armasm.exe V5.06 update 6 (build 750)
Linker/Locator:  ArmLink.exe V5.06 update 6 (build 750)
Library Manager: ArmAr.exe V5.06 update 6 (build 750)
Hex Converter:   FromElf.exe V5.06 update 6 (build 750)
CPU DLL:         SARMCM3.DLL V5.27.0.0
Dialog DLL:      DCM.DLL V1.17.2.0
Target DLL:      STLink\ST-LINKIII-KEIL_SWO.dll V3.0.5.0
Dialog DLL:      TCM.DLL V1.36.1.0
 
<h2>Project:</h2>
E:\RTTOS\qsdk_rtos\stm32l151\7_M5310A_UDP\project.uvprojx
Project File Date:  06/28/2019

<h2>Output:</h2>
*** Using Compiler 'V5.06 update 6 (build 750)', folder: 'D:\Keil_v5\ARM\ARMCC\Bin'
Build target 'rt-thread'
compiling qsdk_nb.c...
compiling qsdk_net.c...
packages\qsdk-latest\src\qsdk_net.c(242): warning:  #550-D: variable "result"  was set but never used
  	char *result=RT_NULL;
packages\qsdk-latest\src\qsdk_net.c(243): warning:  #550-D: variable "rev_socket"  was set but never used
  	char *rev_socket=RT_NULL;
packages\qsdk-latest\src\qsdk_net.c(244): warning:  #550-D: variable "rev_ip"  was set but never used
  	char *rev_ip=RT_NULL;
packages\qsdk-latest\src\qsdk_net.c(245): warning:  #550-D: variable "rev_port"  was set but never used
  	char *rev_port=RT_NULL;
packages\qsdk-latest\src\qsdk_net.c(246): warning:  #550-D: variable "rev_len"  was set but never used
  	char *rev_len=RT_NULL;
packages\qsdk-latest\src\qsdk_net.c(387): warning:  #550-D: variable "eventid"  was set but never used
  			char *eventid=NULL;
packages\qsdk-latest\src\qsdk_net.c(412): warning:  #550-D: variable "head"  was set but never used
  			char *head=NULL;
packages\qsdk-latest\src\qsdk_net.c: 7 warnings, 0 errors
compiling qsdk_callback.c...
compiling main.c...
linking...
Program Size: Code=76622 RO-data=11750 RW-data=776 ZI-data=4528  
After Build - User command #1: fromelf --bin .\build\keil\Obj\rt-thread.axf --output rtthread.bin
".\build\keil\Obj\rt-thread.axf" - 0 Error(s), 7 Warning(s).

<h2>Software Packages used:</h2>

Package Vendor: Keil
                http://www.keil.com/pack/Keil.STM32L1xx_DFP.1.2.0.pack
                Keil.STM32L1xx_DFP.1.2.0
                STMicroelectronics STM32L1 Series Device Support and Examples

<h2>Collection of Component include folders:</h2>
  .\RTE\_rt-thread
  D:\Keil_v5\ARM\PACK\Keil\STM32L1xx_DFP\1.2.0\Device\Include

<h2>Collection of Component Files used:</h2>
Build Time Elapsed:  00:00:14
</pre>
</body>
</html>
