Component: ARM Compiler 5.06 update 6 (build 750) Tool: armlink [4d35ed]

==============================================================================

Section Cross References

    clock.o(i.rt_tick_get) refers to clock.o(.data) for rt_tick
    clock.o(i.rt_tick_increase) refers to thread.o(i.rt_thread_self) for rt_thread_self
    clock.o(i.rt_tick_increase) refers to thread.o(i.rt_thread_yield) for rt_thread_yield
    clock.o(i.rt_tick_increase) refers to timer.o(i.rt_timer_check) for rt_timer_check
    clock.o(i.rt_tick_increase) refers to clock.o(.data) for rt_tick
    clock.o(i.rt_tick_set) refers to context_rvds.o(.text) for rt_hw_interrupt_disable
    clock.o(i.rt_tick_set) refers to clock.o(.data) for rt_tick
    components.o(i.$Sub$$main) refers to components.o(i.rtthread_startup) for rtthread_startup
    components.o(i.main_thread_entry) refers to components.o(i.rt_components_init) for rt_components_init
    components.o(i.main_thread_entry) refers to main.o(i.main) for $Super$$main
    components.o(i.rt_application_init) refers to thread.o(i.rt_thread_create) for rt_thread_create
    components.o(i.rt_application_init) refers to kservice.o(i.rt_assert_handler) for rt_assert_handler
    components.o(i.rt_application_init) refers to thread.o(i.rt_thread_startup) for rt_thread_startup
    components.o(i.rt_application_init) refers to components.o(i.main_thread_entry) for main_thread_entry
    components.o(i.rt_application_init) refers to components.o(.constdata) for __FUNCTION__
    components.o(i.rt_components_board_init) refers to components.o(.rti_fn.0.end) for __rt_init_rti_board_start
    components.o(i.rt_components_board_init) refers to components.o(.rti_fn.1.end) for __rt_init_rti_board_end
    components.o(i.rt_components_init) refers to components.o(.rti_fn.1.end) for __rt_init_rti_board_end
    components.o(i.rt_components_init) refers to components.o(.rti_fn.6.end) for __rt_init_rti_end
    components.o(i.rtthread_startup) refers to context_rvds.o(.text) for rt_hw_interrupt_disable
    components.o(i.rtthread_startup) refers to drv_common.o(i.rt_hw_board_init) for rt_hw_board_init
    components.o(i.rtthread_startup) refers to kservice.o(i.rt_show_version) for rt_show_version
    components.o(i.rtthread_startup) refers to timer.o(i.rt_system_timer_init) for rt_system_timer_init
    components.o(i.rtthread_startup) refers to scheduler.o(i.rt_system_scheduler_init) for rt_system_scheduler_init
    components.o(i.rtthread_startup) refers to components.o(i.rt_application_init) for rt_application_init
    components.o(i.rtthread_startup) refers to timer.o(i.rt_system_timer_thread_init) for rt_system_timer_thread_init
    components.o(i.rtthread_startup) refers to idle.o(i.rt_thread_idle_init) for rt_thread_idle_init
    components.o(i.rtthread_startup) refers to scheduler.o(i.rt_system_scheduler_start) for rt_system_scheduler_start
    components.o(.rti_fn.0) refers to components.o(i.rti_start) for rti_start
    components.o(.rti_fn.0.end) refers to components.o(i.rti_board_start) for rti_board_start
    components.o(.rti_fn.1.end) refers to components.o(i.rti_board_end) for rti_board_end
    components.o(.rti_fn.6.end) refers to components.o(i.rti_end) for rti_end
    device.o(i.rt_device_close) refers to kservice.o(i.rt_assert_handler) for rt_assert_handler
    device.o(i.rt_device_close) refers to object.o(i.rt_object_get_type) for rt_object_get_type
    device.o(i.rt_device_close) refers to device.o(.constdata) for __FUNCTION__
    device.o(i.rt_device_control) refers to kservice.o(i.rt_assert_handler) for rt_assert_handler
    device.o(i.rt_device_control) refers to object.o(i.rt_object_get_type) for rt_object_get_type
    device.o(i.rt_device_control) refers to device.o(.constdata) for __FUNCTION__
    device.o(i.rt_device_create) refers to mem.o(i.rt_malloc) for rt_malloc
    device.o(i.rt_device_create) refers to kservice.o(i.rt_memset) for rt_memset
    device.o(i.rt_device_destroy) refers to kservice.o(i.rt_assert_handler) for rt_assert_handler
    device.o(i.rt_device_destroy) refers to object.o(i.rt_object_get_type) for rt_object_get_type
    device.o(i.rt_device_destroy) refers to object.o(i.rt_object_is_systemobject) for rt_object_is_systemobject
    device.o(i.rt_device_destroy) refers to object.o(i.rt_object_detach) for rt_object_detach
    device.o(i.rt_device_destroy) refers to mem.o(i.rt_free) for rt_free
    device.o(i.rt_device_destroy) refers to device.o(.constdata) for __FUNCTION__
    device.o(i.rt_device_find) refers to thread.o(i.rt_thread_self) for rt_thread_self
    device.o(i.rt_device_find) refers to scheduler.o(i.rt_enter_critical) for rt_enter_critical
    device.o(i.rt_device_find) refers to object.o(i.rt_object_get_information) for rt_object_get_information
    device.o(i.rt_device_find) refers to kservice.o(i.rt_assert_handler) for rt_assert_handler
    device.o(i.rt_device_find) refers to kservice.o(i.rt_strncmp) for rt_strncmp
[...]
    __fsym_list_mailbox_name                 0x08015492   Data          13  cmd.o(.rodata.name)
    __fsym_list_mailbox_desc                 0x0801549f   Data          24  cmd.o(.rodata.name)
    __fsym___cmd_list_mailbox_name           0x080154b7   Data          19  cmd.o(.rodata.name)
    __fsym___cmd_list_mailbox_desc           0x080154ca   Data          24  cmd.o(.rodata.name)
    __fsym_list_msgqueue_name                0x080154e2   Data          14  cmd.o(.rodata.name)
    __fsym_list_msgqueue_desc                0x080154f0   Data          29  cmd.o(.rodata.name)
    __fsym___cmd_list_msgqueue_name          0x0801550d   Data          20  cmd.o(.rodata.name)
    __fsym___cmd_list_msgqueue_desc          0x08015521   Data          29  cmd.o(.rodata.name)
    __fsym_list_mempool_name                 0x0801553e   Data          13  cmd.o(.rodata.name)
    __fsym_list_mempool_desc                 0x0801554b   Data          27  cmd.o(.rodata.name)
    __fsym___cmd_list_mempool_name           0x08015566   Data          19  cmd.o(.rodata.name)
    __fsym___cmd_list_mempool_desc           0x08015579   Data          27  cmd.o(.rodata.name)
    __fsym_list_timer_name                   0x08015594   Data          11  cmd.o(.rodata.name)
    __fsym_list_timer_desc                   0x0801559f   Data          21  cmd.o(.rodata.name)
    __fsym___cmd_list_timer_name             0x080155b4   Data          17  cmd.o(.rodata.name)
    __fsym___cmd_list_timer_desc             0x080155c5   Data          21  cmd.o(.rodata.name)
    __fsym_list_device_name                  0x080155da   Data          12  cmd.o(.rodata.name)
    __fsym_list_device_desc                  0x080155e6   Data          22  cmd.o(.rodata.name)
    __fsym___cmd_list_device_name            0x080155fc   Data          18  cmd.o(.rodata.name)
    __fsym___cmd_list_device_desc            0x0801560e   Data          22  cmd.o(.rodata.name)
    __fsym_list_name                         0x08015624   Data           5  cmd.o(.rodata.name)
    __fsym_list_desc                         0x08015629   Data          26  cmd.o(.rodata.name)
    __fsym___cmd_help_name                   0x08015643   Data          11  msh.o(.rodata.name)
    __fsym___cmd_help_desc                   0x0801564e   Data          22  msh.o(.rodata.name)
    __fsym___cmd_ps_name                     0x08015664   Data           9  msh_cmd.o(.rodata.name)
    __fsym___cmd_ps_desc                     0x0801566d   Data          28  msh_cmd.o(.rodata.name)
    __fsym___cmd_time_name                   0x08015689   Data          11  msh_cmd.o(.rodata.name)
    __fsym___cmd_time_desc                   0x08015694   Data          27  msh_cmd.o(.rodata.name)
    __fsym___cmd_free_name                   0x080156af   Data          11  msh_cmd.o(.rodata.name)
    __fsym___cmd_free_desc                   0x080156ba   Data          37  msh_cmd.o(.rodata.name)
    __fsym___cmd_at_name                     0x080156df   Data           9  at_cli.o(.rodata.name)
    __fsym___cmd_at_desc                     0x080156e8   Data          58  at_cli.o(.rodata.name)
    __rt_init_rti_start                      0x08015724   Data           4  components.o(.rti_fn.0)
    __rt_init_rti_board_start                0x08015728   Data           4  components.o(.rti_fn.0.end)
    __rt_init_rt_hw_i2c_init                 0x0801572c   Data           4  drv_soft_i2c.o(.rti_fn.1)
    __rt_init_rti_board_end                  0x08015730   Data           4  components.o(.rti_fn.1.end)
    __rt_init_rt_hw_rtc_init                 0x08015734   Data           4  drv_rtc.o(.rti_fn.3)
    __rt_init_rt_i2c_core_init               0x08015738   Data           4  i2c_core.o(.rti_fn.4)
    __rt_init_libc_system_init               0x0801573c   Data           4  libc.o(.rti_fn.4)
    __rt_init_qsdk_init_environment          0x08015740   Data           4  qsdk_nb.o(.rti_fn.6)
    __rt_init_finsh_system_init              0x08015744   Data           4  shell.o(.rti_fn.6)
    __rt_init_qsdk_led_init                  0x08015748   Data           4  qsdk_led.o(.rti_fn.6)
    __rt_init_qsdk_beep_init                 0x0801574c   Data           4  qsdk_beep.o(.rti_fn.6)
    __rt_init_qsdk_key_init                  0x08015750   Data           4  qsdk_key.o(.rti_fn.6)
    __rt_init_rti_end                        0x08015754   Data           4  components.o(.rti_fn.6.end)
    FSymTab$$Base                            0x08015758   Number         0  mem.o(FSymTab)
    __fsym_list_mem                          0x08015758   Data          12  mem.o(FSymTab)
    __fsym___cmd_reboot                      0x08015764   Data          12  drv_common.o(FSymTab)
    __fsym___cmd_sht20                       0x08015770   Data          12  sht20.o(FSymTab)
    __fsym_pinMode                           0x0801577c   Data          12  pin.o(FSymTab)
    __fsym_pinWrite                          0x08015788   Data          12  pin.o(FSymTab)
    __fsym_pinRead                           0x08015794   Data          12  pin.o(FSymTab)
    __fsym_list_date                         0x080157a0   Data          12  rtc.o(FSymTab)
    __fsym_set_date                          0x080157ac   Data          12  rtc.o(FSymTab)
    __fsym_set_time                          0x080157b8   Data          12  rtc.o(FSymTab)
    __fsym___cmd_date                        0x080157c4   Data          12  rtc.o(FSymTab)
    __fsym_hello                             0x080157d0   Data          12  cmd.o(FSymTab)
    __fsym_version                           0x080157dc   Data          12  cmd.o(FSymTab)
    __fsym___cmd_version                     0x080157e8   Data          12  cmd.o(FSymTab)
    __fsym_list_thread                       0x080157f4   Data          12  cmd.o(FSymTab)
    __fsym___cmd_list_thread                 0x08015800   Data          12  cmd.o(FSymTab)
    __fsym_list_sem                          0x0801580c   Data          12  cmd.o(FSymTab)
    __fsym___cmd_list_sem                    0x08015818   Data          12  cmd.o(FSymTab)
    __fsym_list_event                        0x08015824   Data          12  cmd.o(FSymTab)
    __fsym___cmd_list_event                  0x08015830   Data          12  cmd.o(FSymTab)
    __fsym_list_mutex                        0x0801583c   Data          12  cmd.o(FSymTab)
    __fsym___cmd_list_mutex                  0x08015848   Data          12  cmd.o(FSymTab)
    __fsym_list_mailbox                      0x08015854   Data          12  cmd.o(FSymTab)
    __fsym___cmd_list_mailbox                0x08015860   Data          12  cmd.o(FSymTab)
    __fsym_list_msgqueue                     0x0801586c   Data          12  cmd.o(FSymTab)
    __fsym___cmd_list_msgqueue               0x08015878   Data          12  cmd.o(FSymTab)
    __fsym_list_mempool                      0x08015884   Data          12  cmd.o(FSymTab)
    __fsym___cmd_list_mempool                0x08015890   Data          12  cmd.o(FSymTab)
    __fsym_list_timer                        0x0801589c   Data          12  cmd.o(FSymTab)
    __fsym___cmd_list_timer                  0x080158a8   Data          12  cmd.o(FSymTab)
    __fsym_list_device                       0x080158b4   Data          12  cmd.o(FSymTab)
    __fsym___cmd_list_device                 0x080158c0   Data          12  cmd.o(FSymTab)
    __fsym_list                              0x080158cc   Data          12  cmd.o(FSymTab)
    __fsym___cmd_help                        0x080158d8   Data          12  msh.o(FSymTab)
    __fsym___cmd_ps                          0x080158e4   Data          12  msh_cmd.o(FSymTab)
    __fsym___cmd_time                        0x080158f0   Data          12  msh_cmd.o(FSymTab)
    __fsym___cmd_free                        0x080158fc   Data          12  msh_cmd.o(FSymTab)
    __fsym___cmd_at                          0x08015908   Data          12  at_cli.o(FSymTab)
    FSymTab$$Limit                           0x08015914   Number         0  at_cli.o(FSymTab)
    Region$$Table$$Base                      0x08015914   Number         0  anon$$obj.o(Region$$Table)
    Region$$Table$$Limit                     0x08015934   Number         0  anon$$obj.o(Region$$Table)
    rt_interrupt_nest                        0x2000000c   Data           1  irq.o(.data)
    rt_assert_hook                           0x20000018   Data           4  kservice.o(.data)
    rt_object_trytake_hook                   0x200000d4   Data           4  object.o(.data)
    rt_object_take_hook                      0x200000d8   Data           4  object.o(.data)
    rt_object_put_hook                       0x200000dc   Data           4  object.o(.data)
    rt_thread_ready_priority_group           0x200000e0   Data           4  scheduler.o(.data)
    rt_current_thread                        0x200000e8   Data           4  scheduler.o(.data)
    rt_current_priority                      0x200000ec   Data           1  scheduler.o(.data)
    rt_thread_defunct                        0x200000f0   Data           8  scheduler.o(.data)
    net_error                                0x2000011c   Data           4  main.o(.data)
    data_up_thread_id                        0x20000120   Data           4  main.o(.data)
    udp_client                               0x20000134   Data           4  main.o(.data)
    sht20_dev                                0x20000138   Data           4  main.o(.data)
    led0                                     0x2000013c   Data           8  main.o(.data)
    led1                                     0x20000144   Data           8  main.o(.data)
    led2                                     0x2000014c   Data           8  main.o(.data)
    led3                                     0x20000154   Data           8  main.o(.data)
    humidity                                 0x2000015c   Data           4  main.o(.data)
    temperature                              0x20000160   Data           4  main.o(.data)
    nb_client                                0x2000024c   Data           4  qsdk_nb.o(.data)
    nb_resp                                  0x20000250   Data           4  qsdk_nb.o(.data)
    qsdk_thread_id                           0x20000254   Data           4  qsdk_nb.o(.data)
    nb_event                                 0x2000025c   Data           4  qsdk_nb.o(.data)
    rt_interrupt_from_thread                 0x200002ac   Data           4  cpuport.o(.data)
    rt_interrupt_to_thread                   0x200002b0   Data           4  cpuport.o(.data)
    rt_thread_switch_interrupt_flag          0x200002b4   Data           4  cpuport.o(.data)
    shell                                    0x200002bc   Data           4  shell.o(.data)
    _syscall_table_begin                     0x200002c4   Data           4  symbol.o(.data)
    _syscall_table_end                       0x200002c8   Data           4  symbol.o(.data)
    _sysvar_table_begin                      0x200002cc   Data           4  symbol.o(.data)
    _sysvar_table_end                        0x200002d0   Data           4  symbol.o(.data)
    SystemCoreClock                          0x200002f0   Data           4  system_stm32l1xx.o(.data)
    uwTick                                   0x200002f4   Data           4  stm32l1xx_hal.o(.data)
    rt_thread_priority_table                 0x20000538   Data         256  scheduler.o(.bss)
    key0                                     0x20000638   Data          12  main.o(.bss)
    key1                                     0x20000644   Data          12  main.o(.bss)
    nb_device_table                          0x20000928   Data          84  qsdk_nb.o(.bss)
    Image$$RW_IRAM1$$ZI$$Limit               0x200014b8   Number         0  anon$$obj.o ABSOLUTE
    __initial_sp                             0x200014b8   Data           0  startup_stm32l151xc.o(STACK)



==============================================================================

Memory Map of the image

  Image Entry point : 0x08000125

  Load Region LR_IROM1 (Base: 0x08000000, Size: 0x00015c3c, Max: 0x00040000, ABSOLUTE, COMPRESSED[0x000159c4])

    Execution Region ER_IROM1 (Exec base: 0x08000000, Load base: 0x08000000, Size: 0x00015934, Max: 0x00040000, ABSOLUTE)

    Exec Addr    Load Addr    Size         Type   Attr      Idx    E Section Name        Object

    0x08000000   0x08000000   0x00000124   Data   RO         1768    RESET               startup_stm32l151xc.o
    0x08000124   0x08000124   0x00000000   Code   RO         6326  * .ARM.Collect$$$$00000000  mc_w.l(entry.o)
    0x08000124   0x08000124   0x00000004   Code   RO         6647    .ARM.Collect$$$$00000001  mc_w.l(entry2.o)
    0x08000128   0x08000128   0x00000004   Code   RO         6650    .ARM.Collect$$$$00000004  mc_w.l(entry5.o)
    0x0800012c   0x0800012c   0x00000000   Code   RO         6652    .ARM.Collect$$$$00000008  mc_w.l(entry7b.o)
    0x0800012c   0x0800012c   0x00000000   Code   RO         6654    .ARM.Collect$$$$0000000A  mc_w.l(entry8b.o)
    0x0800012c   0x0800012c   0x00000008   Code   RO         6655    .ARM.Collect$$$$0000000B  mc_w.l(entry9a.o)
    0x08000134   0x08000134   0x00000000   Code   RO         6657    .ARM.Collect$$$$0000000D  mc_w.l(entry10a.o)
    0x08000134   0x08000134   0x00000000   Code   RO         6659    .ARM.Collect$$$$0000000F  mc_w.l(entry11a.o)
    0x08000134   0x08000134   0x00000004   Code   RO         6648    .ARM.Collect$$$$00002712  mc_w.l(entry2.o)
    0x08000138   0x08000138   0x00000024   Code   RO         1769    .text               startup_stm32l151xc.o
    0x0800015c   0x0800015c   0x000000f4   Code   RO         2834    .text               context_rvds.o
    0x08000250   0x08000250   0x000000a8   Code   RO         6333    .text               mc_w.l(mktime.o)
    0x080002f8   0x080002f8   0x0000000e   Code   RO         6336    .text               mc_w.l(ctime.o)
    0x08000306   0x08000306   0x00000024   Code   RO         6338    .text               mc_w.l(memcpya.o)
    0x0800032a   0x0800032a   0x00000024   Code   RO         6340    .text               mc_w.l(memseta.o)
    0x0800034e   0x0800034e   0x00000018   Code   RO         6342    .text               mc_w.l(strcat.o)
    0x08000366   0x08000366   0x00000024   Code   RO         6344    .text               mc_w.l(strstr.o)
    0x0800038a   0x0800038a   0x00000018   Code   RO         6346    .text               mc_w.l(strncpy.o)
    0x080003a2   0x080003a2   0x0000000e   Code   RO         6348    .text               mc_w.l(strlen.o)
    0x080003b0   0x080003b0   0x0000001c   Code   RO         6350    .text               mc_w.l(strcmp.o)
    0x080003cc   0x080003cc   0x0000001a   Code   RO         6352    .text               mc_w.l(memcmp.o)
    0x080003e6   0x080003e6   0x00000012   Code   RO         6354    .text               mc_w.l(strcpy.o)
    0x080003f8   0x080003f8   0x0000001e   Code   RO         6356    .text               mc_w.l(strncmp.o)
    0x08000416   0x08000416   0x00000002   PAD
    0x08000418   0x08000418   0x00000044   Code   RO         6358    .text               mc_w.l(strtok.o)
    0x0800045c   0x0800045c   0x00000030   Code   RO         6627    .text               mc_w.l(vsscanf.o)
    0x0800048c   0x0800048c   0x0000001a   Code   RO         6629    .text               mc_w.l(atoi.o)
    0x080004a6   0x080004a6   0x00000064   Code   RO         6631    .text               mf_w.l(fmul.o)
    0x0800050a   0x0800050a   0x0000014e   Code   RO         6633    .text               mf_w.l(dadd.o)
    0x08000658   0x08000658   0x000000e4   Code   RO         6635    .text               mf_w.l(dmul.o)
    0x0800073c   0x0800073c   0x000000de   Code   RO         6637    .text               mf_w.l(ddiv.o)
    0x0800081a   0x0800081a   0x00000022   Code   RO         6639    .text               mf_w.l(dflti.o)
    0x0800083c   0x0800083c   0x00000032   Code   RO         6641    .text               mf_w.l(ffixi.o)
    0x0800086e   0x0800086e   0x00000026   Code   RO         6643    .text               mf_w.l(f2d.o)
    0x08000894   0x08000894   0x00000038   Code   RO         6645    .text               mf_w.l(d2f.o)
    0x080008cc   0x080008cc   0x0000002c   Code   RO         6662    .text               mc_w.l(uidiv.o)
    0x080008f8   0x080008f8   0x00000062   Code   RO         6664    .text               mc_w.l(uldiv.o)
    0x0800095a   0x0800095a   0x0000001e   Code   RO         6666    .text               mc_w.l(llshl.o)
    0x08000978   0x08000978   0x00000024   Code   RO         6668    .text               mc_w.l(llsshr.o)
    0x0800099c   0x0800099c   0x0000000c   Code   RO         6670    .text               mc_w.l(localtime_w.o)
    0x080009a8   0x080009a8   0x0000008c   Code   RO         6673    .text               mc_w.l(localtime_i.o)
    0x08000a34   0x08000a34   0x000000bc   Code   RO         6676    .text               mc_w.l(asctime.o)
    0x08000af0   0x08000af0   0x00000156   Code   RO         6687    .text               mc_w.l(_scanf_longlong.o)
    0x08000c46   0x08000c46   0x0000014c   Code   RO         6689    .text               mc_w.l(_scanf_int.o)
    0x08000d92   0x08000d92   0x000000e0   Code   RO         6691    .text               mc_w.l(_scanf_str.o)
    0x08000e72   0x08000e72   0x00000002   PAD
    0x08000e74   0x08000e74   0x00000360   Code   RO         6693    .text               mc_w.l(scanf_fp.o)
    0x080011d4   0x080011d4   0x00000028   Code   RO         6697    .text               mc_w.l(scanf_char.o)
    0x080011fc   0x080011fc   0x00000040   Code   RO         6699    .text               mc_w.l(_sgetc.o)
    0x0800123c   0x0800123c   0x00000070   Code   RO         6701    .text               mc_w.l(strtol.o)
    0x080012ac   0x080012ac   0x00000000   Code   RO         6703    .text               mc_w.l(iusefp.o)
    0x080012ac   0x080012ac   0x0000006e   Code   RO         6704    .text               mf_w.l(fepilogue.o)
    0x0800131a   0x0800131a   0x000000ba   Code   RO         6706    .text               mf_w.l(depilogue.o)
    0x080013d4   0x080013d4   0x00000030   Code   RO         6708    .text               mf_w.l(dfixul.o)
    0x08001404   0x08001404   0x00000030   Code   RO         6710    .text               mf_w.l(cdrcmple.o)
    0x08001434   0x08001434   0x00000024   Code   RO         6712    .text               mc_w.l(init.o)
    0x08001458   0x08001458   0x00000020   Code   RO         6714    .text               mc_w.l(llushr.o)
    0x08001478   0x08001478   0x00000008   Code   RO         6718    .text               mc_w.l(ctype_o.o)
    0x08001480   0x08001480   0x00000012   Code   RO         6740    .text               mc_w.l(isspace_o.o)
    0x08001492   0x08001492   0x0000001c   Code   RO         6746    .text               mc_w.l(_chval.o)
    0x080014ae   0x080014ae   0x00000002   PAD
    0x080014b0   0x080014b0   0x0000032c   Code   RO         6748    .text               mc_w.l(_scanf.o)
    0x080017dc   0x080017dc   0x0000009e   Code   RO         6750    .text               mc_w.l(_strtoul.o)
    0x0800187a   0x0800187a   0x00000018   Code   RO         6752    .text               mf_w.l(dfltul.o)
    0x08001892   0x08001892   0x00000056   Code   RO         6765    .text               mc_w.l(__dczerorl2.o)
    0x080018e8   0x080018e8   0x0000000a   Code   RO          103    i.$Sub$$main        components.o
    0x080018f2   0x080018f2   0x00000002   PAD
    0x080018f4   0x080018f4   0x0000001c   Code   RO         2222    i.Add_Button        button.o
    0x08001910   0x08001910   0x0000002c   Code   RO         2223    i.Button_Attach     button.o
    0x0800193c   0x0800193c   0x00000074   Code   RO         2224    i.Button_Create     button.o
    0x080019b0   0x080019b0   0x000001d8   Code   RO         2225    i.Button_Cycle_Process  button.o
    0x08001b88   0x08001b88   0x0000001c   Code   RO         2227    i.Button_Process    button.o
    0x08001ba4   0x08001ba4   0x0000002c   Code   RO         4888    i.DMA_SetConfig     stm32l1xx_hal_dma.o
    0x08001bd0   0x08001bd0   0x00000012   Code   RO         1776    i.EXTI0_IRQHandler  drv_gpio.o
    0x08001be2   0x08001be2   0x0000003c   Code   RO         1777    i.EXTI15_10_IRQHandler  drv_gpio.o
    0x08001c1e   0x08001c1e   0x00000012   Code   RO         1778    i.EXTI1_IRQHandler  drv_gpio.o
    0x08001c30   0x08001c30   0x00000012   Code   RO         1779    i.EXTI2_IRQHandler  drv_gpio.o
    0x08001c42   0x08001c42   0x00000012   Code   RO         1780    i.EXTI3_IRQHandler  drv_gpio.o
    0x08001c54   0x08001c54   0x00000012   Code   RO         1781    i.EXTI4_IRQHandler  drv_gpio.o
    0x08001c66   0x08001c66   0x0000002e   Code   RO         1782    i.EXTI9_5_IRQHandler  drv_gpio.o
    0x08001c94   0x08001c94   0x00000084   Code   RO         4891    i.HAL_DMA_DeInit    stm32l1xx_hal_dma.o
    0x08001d18   0x08001d18   0x00000094   Code   RO         4895    i.HAL_DMA_Init      stm32l1xx_hal_dma.o
    0x08001dac   0x08001dac   0x0000009c   Code   RO         4899    i.HAL_DMA_Start_IT  stm32l1xx_hal_dma.o
    0x08001e48   0x08001e48   0x00000120   Code   RO         5354    i.HAL_GPIO_DeInit   stm32l1xx_hal_gpio.o
    0x08001f68   0x08001f68   0x0000003c   Code   RO         1783    i.HAL_GPIO_EXTI_Callback  drv_gpio.o
    0x08001fa4   0x08001fa4   0x0000001c   Code   RO         5356    i.HAL_GPIO_EXTI_IRQHandler  stm32l1xx_hal_gpio.o
    0x08001fc0   0x08001fc0   0x000001d0   Code   RO         5357    i.HAL_GPIO_Init     stm32l1xx_hal_gpio.o
    0x08002190   0x08002190   0x00000010   Code   RO         5359    i.HAL_GPIO_ReadPin  stm32l1xx_hal_gpio.o
    0x080021a0   0x080021a0   0x0000000c   Code   RO         5361    i.HAL_GPIO_WritePin  stm32l1xx_hal_gpio.o
    0x080021ac   0x080021ac   0x00000012   Code   RO         2145    i.HAL_GetTick       drv_common.o
    0x080021be   0x080021be   0x00000002   PAD
    0x080021c0   0x080021c0   0x00000010   Code   RO         4553    i.HAL_IncTick       stm32l1xx_hal.o
    0x080021d0   0x080021d0   0x00000016   Code   RO         4554    i.HAL_Init          stm32l1xx_hal.o
    0x080021e6   0x080021e6   0x00000006   Code   RO         2146    i.HAL_InitTick      drv_common.o
    0x080021ec   0x080021ec   0x0000005c   Code   RO         1714    i.HAL_MspInit       stm32l1xx_hal_msp.o
    0x08002248   0x08002248   0x0000001c   Code   RO         4698    i.HAL_NVIC_DisableIRQ  stm32l1xx_hal_cortex.o
    0x08002264   0x08002264   0x0000001a   Code   RO         4699    i.HAL_NVIC_EnableIRQ  stm32l1xx_hal_cortex.o
    0x0800227e   0x0800227e   0x0000007c   Code   RO         4705    i.HAL_NVIC_SetPriority  stm32l1xx_hal_cortex.o
    0x080022fa   0x080022fa   0x00000002   PAD
    0x080022fc   0x080022fc   0x00000028   Code   RO         4706    i.HAL_NVIC_SetPriorityGrouping  stm32l1xx_hal_cortex.o
    0x08002324   0x08002324   0x00000018   Code   RO         4990    i.HAL_PWR_EnableBkUpAccess  stm32l1xx_hal_pwr.o
    0x0800233c   0x0800233c   0x000001d4   Code   RO         5277    i.HAL_RCCEx_PeriphCLKConfig  stm32l1xx_hal_rcc_ex.o
    0x08002510   0x08002510   0x000002e8   Code   RO         5164    i.HAL_RCC_ClockConfig  stm32l1xx_hal_rcc.o
    0x080027f8   0x080027f8   0x0000000c   Code   RO         5169    i.HAL_RCC_GetHCLKFreq  stm32l1xx_hal_rcc.o
    0x08002804   0x08002804   0x0000002c   Code   RO         5171    i.HAL_RCC_GetPCLK1Freq  stm32l1xx_hal_rcc.o
    0x08002830   0x08002830   0x0000002c   Code   RO         5172    i.HAL_RCC_GetPCLK2Freq  stm32l1xx_hal_rcc.o
    0x0800285c   0x0800285c   0x000000b4   Code   RO         5173    i.HAL_RCC_GetSysClockFreq  stm32l1xx_hal_rcc.o
    0x08002910   0x08002910   0x000009bc   Code   RO         5176    i.HAL_RCC_OscConfig  stm32l1xx_hal_rcc.o
    0x080032cc   0x080032cc   0x00000012   Code   RO         5807    i.HAL_RTCEx_BKUPRead  stm32l1xx_hal_rtc_ex.o
    0x080032de   0x080032de   0x00000012   Code   RO         5808    i.HAL_RTCEx_BKUPWrite  stm32l1xx_hal_rtc_ex.o
    0x080032f0   0x080032f0   0x0000004c   Code   RO         5702    i.HAL_RTC_GetDate   stm32l1xx_hal_rtc.o
    0x0800333c   0x0800333c   0x00000068   Code   RO         5845    i.HAL_RTC_GetTime   stm32l1xx_hal_rtc_ex.o
    0x080033a4   0x080033a4   0x000000b4   Code   RO         5704    i.HAL_RTC_Init      stm32l1xx_hal_rtc.o
    0x08003458   0x08003458   0x00000028   Code   RO         1716    i.HAL_RTC_MspInit   stm32l1xx_hal_msp.o
    0x08003480   0x08003480   0x00000108   Code   RO         5708    i.HAL_RTC_SetDate   stm32l1xx_hal_rtc.o
    0x08003588   0x08003588   0x0000012c   Code   RO         5709    i.HAL_RTC_SetTime   stm32l1xx_hal_rtc.o
    0x080036b4   0x080036b4   0x00000044   Code   RO         5848    i.HAL_RTC_WaitForSynchro  stm32l1xx_hal_rtc_ex.o
    0x080036f8   0x080036f8   0x00000028   Code   RO         4708    i.HAL_SYSTICK_CLKSourceConfig  stm32l1xx_hal_cortex.o
    0x08003720   0x08003720   0x00000034   Code   RO         4710    i.HAL_SYSTICK_Config  stm32l1xx_hal_cortex.o
    0x08003754   0x08003754   0x0000002c   Code   RO         1891    i.HAL_UART_ErrorCallback  drv_usart.o
    0x08003780   0x08003780   0x0000006e   Code   RO         5436    i.HAL_UART_Init     stm32l1xx_hal_uart.o
    0x080037ee   0x080037ee   0x00000002   PAD
    0x080037f0   0x080037f0   0x000000e8   Code   RO         1718    i.HAL_UART_MspInit  stm32l1xx_hal_msp.o
    0x080038d8   0x080038d8   0x000000a0   Code   RO         5440    i.HAL_UART_Receive_DMA  stm32l1xx_hal_uart.o
    0x08003978   0x08003978   0x00000060   Code   RO         1892    i.HAL_UART_RxCpltCallback  drv_usart.o
    0x080039d8   0x080039d8   0x00000002   Code   RO         5443    i.HAL_UART_RxHalfCpltCallback  stm32l1xx_hal_uart.o
    0x080039da   0x080039da   0x00000002   PAD
    0x080039dc   0x080039dc   0x00000010   Code   RO         4712    i.NVIC_GetPriorityGrouping  stm32l1xx_hal_cortex.o
    0x080039ec   0x080039ec   0x00000028   Code   RO         4713    i.NVIC_SetPriority  stm32l1xx_hal_cortex.o
    0x08003a14   0x08003a14   0x0000000e   Code   RO         2232    i.Print_Btn_Info    button.o
    0x08003a22   0x08003a22   0x00000002   PAD
    0x08003a24   0x08003a24   0x000000ac   Code   RO         5177    i.RCC_SetFlashLatencyFromMSIRange  stm32l1xx_hal_rcc.o
    0x08003ad0   0x08003ad0   0x00000016   Code   RO         5710    i.RTC_Bcd2ToByte    stm32l1xx_hal_rtc.o
    0x08003ae6   0x08003ae6   0x0000001a   Code   RO         5711    i.RTC_ByteToBcd2    stm32l1xx_hal_rtc.o
    0x08003b00   0x08003b00   0x0000003e   Code   RO         5712    i.RTC_EnterInitMode  stm32l1xx_hal_rtc.o
    0x08003b3e   0x08003b3e   0x0000004c   Code   RO         2912    i.SCL_H             i2c-bit-ops.o
    0x08003b8a   0x08003b8a   0x00000002   PAD
    0x08003b8c   0x08003b8c   0x00000018   Code   RO         2233    i.Search_Button     button.o
    0x08003ba4   0x08003ba4   0x00000034   Code   RO         2234    i.StrnCopy          button.o
    0x08003bd8   0x08003bd8   0x00000014   Code   RO         2149    i.SysTick_Handler   drv_common.o
    0x08003bec   0x08003bec   0x000000a8   Code   RO         1690    i.SystemClock_Config  board.o
    0x08003c94   0x08003c94   0x00000064   Code   RO         4505    i.SystemInit        system_stm32l1xx.o
    0x08003cf8   0x08003cf8   0x00000022   Code   RO         5449    i.UART_DMAError     stm32l1xx_hal_uart.o
    0x08003d1a   0x08003d1a   0x0000003e   Code   RO         5450    i.UART_DMAReceiveCplt  stm32l1xx_hal_uart.o
    0x08003d58   0x08003d58   0x0000000e   Code   RO         5451    i.UART_DMARxHalfCplt  stm32l1xx_hal_uart.o
    0x08003d66   0x08003d66   0x00000002   PAD
    0x08003d68   0x08003d68   0x00000358   Code   RO         5456    i.UART_SetConfig    stm32l1xx_hal_uart.o
    0x080040c0   0x080040c0   0x00000018   Code   RO         1893    i.USART1_IRQHandler  drv_usart.o
    0x080040d8   0x080040d8   0x00000018   Code   RO         1894    i.USART2_IRQHandler  drv_usart.o
    0x080040f0   0x080040f0   0x00000004   Code   RO         2150    i._Error_Handler    drv_common.o
    0x080040f4   0x080040f4   0x00000028   Code   RO         6601    i.__0sprintf        mc_w.l(printfa.o)
    0x0800411c   0x0800411c   0x0000002c   Code   RO         6604    i.__0vsnprintf      mc_w.l(printfa.o)
    0x08004148   0x08004148   0x00000024   Code   RO         6605    i.__0vsprintf       mc_w.l(printfa.o)
    0x0800416c   0x0800416c   0x00000008   Code   RO         6680    i.__aeabi_errno_addr  mc_w.l(errno.o)
    0x08004174   0x08004174   0x0000004c   Code   RO          636    i.__rt_ffs          kservice.o
    0x080041c0   0x080041c0   0x0000000e   Code   RO         6759    i.__scatterload_copy  mc_w.l(handlers.o)
    0x080041ce   0x080041ce   0x00000002   Code   RO         6760    i.__scatterload_null  mc_w.l(handlers.o)
    0x080041d0   0x080041d0   0x0000000e   Code   RO         6761    i.__scatterload_zeroinit  mc_w.l(handlers.o)
    0x080041de   0x080041de   0x00000002   PAD
    0x080041e0   0x080041e0   0x00000184   Code   RO         6606    i._fp_digits        mc_w.l(printfa.o)
    0x08004364   0x08004364   0x00000028   Code   RO         1107    i._get_highest_priority_thread  scheduler.o
    0x0800438c   0x0800438c   0x00000014   Code   RO          269    i._has_defunct_thread  idle.o
    0x080043a0   0x080043a0   0x0000000e   Code   RO         6695    i._is_digit         mc_w.l(scanf_fp.o)
    0x080043ae   0x080043ae   0x00000002   PAD
    0x080043b0   0x080043b0   0x00000098   Code   RO         3952    i._msh_exec_cmd     msh.o
    0x08004448   0x08004448   0x00000048   Code   RO         2996    i._pin_control      pin.o
    0x08004490   0x08004490   0x00000054   Code   RO         2997    i._pin_read         pin.o
    0x080044e4   0x080044e4   0x00000054   Code   RO         2998    i._pin_write        pin.o
    0x08004538   0x08004538   0x000006dc   Code   RO         6607    i._printf_core      mc_w.l(printfa.o)
    0x08004c14   0x08004c14   0x00000024   Code   RO         6608    i._printf_post_padding  mc_w.l(printfa.o)
    0x08004c38   0x08004c38   0x0000002e   Code   RO         6609    i._printf_pre_padding  mc_w.l(printfa.o)
    0x08004c66   0x08004c66   0x00000002   PAD
    0x08004c68   0x08004c68   0x000000c8   Code   RO         1108    i._rt_scheduler_stack_check  scheduler.o
    0x08004d30   0x08004d30   0x000000d0   Code   RO         1206    i._rt_thread_init   thread.o
    0x08004e00   0x08004e00   0x00000042   Code   RO         1349    i._rt_timer_init    timer.o
    0x08004e42   0x08004e42   0x0000002e   Code   RO         1350    i._rt_timer_remove  timer.o
    0x08004e70   0x08004e70   0x00000194   Code   RO         3098    i._serial_dma_rx    serial.o
    0x08005004   0x08005004   0x0000005c   Code   RO         3099    i._serial_dma_tx    serial.o
    0x08005060   0x08005060   0x00000064   Code   RO         3100    i._serial_fifo_calc_recved_len  serial.o
    0x080050c4   0x080050c4   0x000000b8   Code   RO         3101    i._serial_int_rx    serial.o
    0x0800517c   0x0800517c   0x00000070   Code   RO         3102    i._serial_int_tx    serial.o
    0x080051ec   0x080051ec   0x0000005c   Code   RO         3103    i._serial_poll_rx   serial.o
    0x08005248   0x08005248   0x00000054   Code   RO         3104    i._serial_poll_tx   serial.o
    0x0800529c   0x0800529c   0x00000016   Code   RO         6610    i._snputc           mc_w.l(printfa.o)
    0x080052b2   0x080052b2   0x0000000a   Code   RO         6611    i._sputc            mc_w.l(printfa.o)
    0x080052bc   0x080052bc   0x00000118   Code   RO         4300    i.at                at_cli.o
    0x080053d4   0x080053d4   0x00000044   Code   RO         4301    i.at_cli_deinit     at_cli.o
    0x08005418   0x08005418   0x0000007c   Code   RO         4302    i.at_cli_init       at_cli.o
    0x08005494   0x08005494   0x00000014   Code   RO         4303    i.at_client_entry   at_cli.o
    0x080054a8   0x080054a8   0x0000005c   Code   RO         4361    i.at_client_get     at_client.o
    0x08005504   0x08005504   0x00000014   Code   RO         4362    i.at_client_get_first  at_client.o
    0x08005518   0x08005518   0x00000046   Code   RO         4363    i.at_client_getchar  at_client.o
    0x0800555e   0x0800555e   0x00000002   PAD
    0x08005560   0x08005560   0x0000028c   Code   RO         4364    i.at_client_init    at_client.o
    0x080057ec   0x080057ec   0x00000164   Code   RO         4367    i.at_client_obj_wait_connect  at_client.o
    0x08005950   0x08005950   0x00000240   Code   RO         4368    i.at_client_para_init  at_client.o
    0x08005b90   0x08005b90   0x00000044   Code   RO         4369    i.at_client_rx_ind  at_client.o
    0x08005bd4   0x08005bd4   0x0000008c   Code   RO         4370    i.at_create_resp    at_client.o
    0x08005c60   0x08005c60   0x0000001c   Code   RO         4371    i.at_delete_resp    at_client.o
    0x08005c7c   0x08005c7c   0x00000014   Code   RO         4267    i.at_get_last_cmd   at_utils.o
    0x08005c90   0x08005c90   0x00000128   Code   RO         4372    i.at_obj_exec_cmd   at_client.o
    0x08005db8   0x08005db8   0x00000150   Code   RO         4374    i.at_obj_set_urc_table  at_client.o
    0x08005f08   0x08005f08   0x000000b8   Code   RO         4375    i.at_recv_readline  at_client.o
    0x08005fc0   0x08005fc0   0x000000c4   Code   RO         4376    i.at_resp_get_line  at_client.o
    0x08006084   0x08006084   0x00000068   Code   RO         4377    i.at_resp_get_line_by_kw  at_client.o
    0x080060ec   0x080060ec   0x0000006c   Code   RO         4378    i.at_resp_parse_line_args  at_client.o
    0x08006158   0x08006158   0x0000006c   Code   RO         4379    i.at_resp_parse_line_args_by_kw  at_client.o
    0x080061c4   0x080061c4   0x00000030   Code   RO         4269    i.at_vprintf        at_utils.o
    0x080061f4   0x080061f4   0x00000028   Code   RO         4270    i.at_vprintfln      at_utils.o
    0x0800621c   0x0800621c   0x0000001e   Code   RO         1784    i.bit2bitno         drv_gpio.o
    0x0800623a   0x0800623a   0x00000002   PAD
    0x0800623c   0x0800623c   0x000000fc   Code   RO         2774    i.bus_fault_track   cpuport.o
    0x08006338   0x08006338   0x0000000c   Code   RO         6160    i.button0_double_callback  qsdk_key.o
    0x08006344   0x08006344   0x0000000c   Code   RO         6161    i.button0_down_callback  qsdk_key.o
    0x08006350   0x08006350   0x0000000c   Code   RO         6162    i.button0_long_callback  qsdk_key.o
    0x0800635c   0x0800635c   0x0000000c   Code   RO         6163    i.button0_read_level  qsdk_key.o
    0x08006368   0x08006368   0x0000000c   Code   RO         6164    i.button1_double_callback  qsdk_key.o
    0x08006374   0x08006374   0x0000000c   Code   RO         6165    i.button1_down_callback  qsdk_key.o
    0x08006380   0x08006380   0x0000000c   Code   RO         6166    i.button1_long_callback  qsdk_key.o
    0x0800638c   0x0800638c   0x0000000c   Code   RO         6167    i.button1_read_level  qsdk_key.o
    0x08006398   0x08006398   0x000001a4   Code   RO         4304    i.client_cli_parser  at_cli.o
    0x0800653c   0x0800653c   0x00000024   Code   RO         4305    i.client_getchar    at_cli.o
    0x08006560   0x08006560   0x0000003c   Code   RO         4306    i.client_getchar_rx_ind  at_cli.o
    0x0800659c   0x0800659c   0x0000011c   Code   RO         4381    i.client_parser     at_client.o
    0x080066b8   0x080066b8   0x0000000e   Code   RO         4007    i.cmd_free          msh_cmd.o
    0x080066c6   0x080066c6   0x0000000e   Code   RO         4008    i.cmd_ps            msh_cmd.o
    0x080066d4   0x080066d4   0x00000006   Code   RO         4009    i.cmd_time          msh_cmd.o
    0x080066da   0x080066da   0x00000002   PAD
    0x080066dc   0x080066dc   0x00000024   Code   RO         4307    i.console_getchar   at_cli.o
    0x08006700   0x08006700   0x0000003c   Code   RO         4308    i.console_getchar_rx_ind  at_cli.o
    0x0800673c   0x0800673c   0x000001d4   Code   RO         1473    i.data_up_entry     main.o
    0x08006910   0x08006910   0x00000214   Code   RO         3065    i.date              rtc.o
    0x08006b24   0x08006b24   0x00000074   Code   RO         3705    i.finsh_get_prompt  shell.o
    0x08006b98   0x08006b98   0x0000005c   Code   RO         3707    i.finsh_getchar     shell.o
    0x08006bf4   0x08006bf4   0x00000040   Code   RO         3708    i.finsh_rx_ind      shell.o
    0x08006c34   0x08006c34   0x000000dc   Code   RO         3709    i.finsh_set_device  shell.o
    0x08006d10   0x08006d10   0x00000048   Code   RO         3712    i.finsh_set_prompt_mode  shell.o
    0x08006d58   0x08006d58   0x00000014   Code   RO         3713    i.finsh_system_function_init  shell.o
    0x08006d6c   0x08006d6c   0x0000009c   Code   RO         3714    i.finsh_system_init  shell.o
    0x08006e08   0x08006e08   0x00000504   Code   RO         3716    i.finsh_thread_entry  shell.o
    0x0800730c   0x0800730c   0x00000024   Code   RO         1785    i.get_pin           drv_gpio.o
    0x08007330   0x08007330   0x0000005c   Code   RO         2084    i.get_rtc_timestamp  drv_rtc.o
    0x0800738c   0x0800738c   0x000000b6   Code   RO         4382    i.get_urc_obj       at_client.o
    0x08007442   0x08007442   0x00000002   PAD
    0x08007444   0x08007444   0x00000080   Code   RO         2775    i.hard_fault_track  cpuport.o
    0x080074c4   0x080074c4   0x00000020   Code   RO         3835    i.hello             cmd.o
    0x080074e4   0x080074e4   0x0000009e   Code   RO         2305    i.hexstring_to_string  qsdk_nb.o
    0x08007582   0x08007582   0x000000be   Code   RO         2913    i.i2c_bit_send_address  i2c-bit-ops.o
    0x08007640   0x08007640   0x0000009c   Code   RO         2914    i.i2c_bit_xfer      i2c-bit-ops.o
    0x080076dc   0x080076dc   0x00000088   Code   RO         2884    i.i2c_bus_device_control  i2c_dev.o
    0x08007764   0x08007764   0x00000074   Code   RO         2885    i.i2c_bus_device_read  i2c_dev.o
    0x080077d8   0x080077d8   0x00000074   Code   RO         2886    i.i2c_bus_device_write  i2c_dev.o
    0x0800784c   0x0800784c   0x00000010   Code   RO         2915    i.i2c_delay         i2c-bit-ops.o
    0x0800785c   0x0800785c   0x0000000c   Code   RO         2916    i.i2c_delay2        i2c-bit-ops.o
    0x08007868   0x08007868   0x00000058   Code   RO         2917    i.i2c_readb         i2c-bit-ops.o
    0x080078c0   0x080078c0   0x00000056   Code   RO         2918    i.i2c_recv_bytes    i2c-bit-ops.o
    0x08007916   0x08007916   0x00000030   Code   RO         2919    i.i2c_restart       i2c-bit-ops.o
    0x08007946   0x08007946   0x00000034   Code   RO         2920    i.i2c_send_ack_or_nack  i2c-bit-ops.o
    0x0800797a   0x0800797a   0x00000048   Code   RO         2921    i.i2c_send_address  i2c-bit-ops.o
    0x080079c2   0x080079c2   0x0000004e   Code   RO         2922    i.i2c_send_bytes    i2c-bit-ops.o
    0x08007a10   0x08007a10   0x0000001c   Code   RO         2923    i.i2c_start         i2c-bit-ops.o
    0x08007a2c   0x08007a2c   0x0000002e   Code   RO         2924    i.i2c_stop          i2c-bit-ops.o
    0x08007a5a   0x08007a5a   0x00000092   Code   RO         2925    i.i2c_writeb        i2c-bit-ops.o
    0x08007aec   0x08007aec   0x000001c8   Code   RO         1474    i.key_entry         main.o
    0x08007cb4   0x08007cb4   0x000000c4   Code   RO         1475    i.led_entry         main.o
    0x08007d78   0x08007d78   0x00000004   Code   RO         4041    i.libc_system_init  libc.o
    0x08007d7c   0x08007d7c   0x00000068   Code   RO         3836    i.list              cmd.o
    0x08007de4   0x08007de4   0x00000020   Code   RO         3066    i.list_date         rtc.o
    0x08007e04   0x08007e04   0x00000118   Code   RO         3837    i.list_device       cmd.o
    0x08007f1c   0x08007f1c   0x00000144   Code   RO         3838    i.list_event        cmd.o
    0x08008060   0x08008060   0x0000002a   Code   RO         3839    i.list_find_init    cmd.o
    0x0800808a   0x0800808a   0x00000088   Code   RO         3840    i.list_get_next     cmd.o
    0x08008112   0x08008112   0x00000002   PAD
    0x08008114   0x08008114   0x0000015c   Code   RO         3841    i.list_mailbox      cmd.o
    0x08008270   0x08008270   0x00000078   Code   RO          840    i.list_mem          mem.o
    0x080082e8   0x080082e8   0x00000160   Code   RO         3842    i.list_mempool      cmd.o
    0x08008448   0x08008448   0x00000144   Code   RO         3843    i.list_msgqueue     cmd.o
    0x0800858c   0x0800858c   0x0000010c   Code   RO         3844    i.list_mutex        cmd.o
    0x08008698   0x08008698   0x00000138   Code   RO         3845    i.list_sem          cmd.o
    0x080087d0   0x080087d0   0x000001e4   Code   RO         3846    i.list_thread       cmd.o
    0x080089b4   0x080089b4   0x00000160   Code   RO         3847    i.list_timer        cmd.o
    0x08008b14   0x08008b14   0x000002d0   Code   RO         1476    i.main              main.o
    0x08008de4   0x08008de4   0x0000000e   Code   RO          104    i.main_thread_entry  components.o
    0x08008df2   0x08008df2   0x00000002   PAD
    0x08008df4   0x08008df4   0x000000e8   Code   RO         2776    i.mem_manage_fault_track  cpuport.o
    0x08008edc   0x08008edc   0x000000a0   Code   RO         3953    i.msh_auto_complete  msh.o
    0x08008f7c   0x08008f7c   0x0000006c   Code   RO         3954    i.msh_exec          msh.o
    0x08008fe8   0x08008fe8   0x0000005c   Code   RO         3955    i.msh_get_cmd       msh.o
    0x08009044   0x08009044   0x00000080   Code   RO         3956    i.msh_help          msh.o
    0x080090c4   0x080090c4   0x00000004   Code   RO         3957    i.msh_is_used       msh.o
    0x080090c8   0x080090c8   0x000000f0   Code   RO         3958    i.msh_split         msh.o
    0x080091b8   0x080091b8   0x000000a0   Code   RO         2306    i.nb_event_func     qsdk_nb.o
    0x08009258   0x08009258   0x00000040   Code   RO         2308    i.nb_io_init        qsdk_nb.o
    0x08009298   0x08009298   0x000001cc   Code   RO         2309    i.nb_reboot_func    qsdk_nb.o
    0x08009464   0x08009464   0x000002b8   Code   RO         1477    i.net_entry         main.o
    0x0800971c   0x0800971c   0x000001e8   Code   RO         2585    i.net_event_func    qsdk_net.o
    0x08009904   0x08009904   0x00000224   Code   RO         2586    i.net_rev_data      qsdk_net.o
    0x08009b28   0x08009b28   0x0000001c   Code   RO         3848    i.object_split      cmd.o
    0x08009b44   0x08009b44   0x0000010c   Code   RO          841    i.plug_holes        mem.o
    0x08009c50   0x08009c50   0x00000198   Code   RO          638    i.print_number      kservice.o
    0x08009de8   0x08009de8   0x00000016   Code   RO         6121    i.qsdk_beep_init    qsdk_beep.o
    0x08009dfe   0x08009dfe   0x0000000c   Code   RO         6122    i.qsdk_beep_off     qsdk_beep.o
    0x08009e0a   0x08009e0a   0x0000000c   Code   RO         6123    i.qsdk_beep_on      qsdk_beep.o
    0x08009e16   0x08009e16   0x00000002   PAD
    0x08009e18   0x08009e18   0x00000324   Code   RO         2310    i.qsdk_init_environment  qsdk_nb.o
    0x0800a13c   0x0800a13c   0x000000a0   Code   RO         2311    i.qsdk_iot_check_address  qsdk_nb.o
    0x0800a1dc   0x0800a1dc   0x0000013c   Code   RO         2312    i.qsdk_iot_set_address  qsdk_nb.o
    0x0800a318   0x0800a318   0x000000ac   Code   RO         6168    i.qsdk_key_init     qsdk_key.o
    0x0800a3c4   0x0800a3c4   0x00000008   Code   RO         6169    i.qsdk_key_process  qsdk_key.o
    0x0800a3cc   0x0800a3cc   0x00000046   Code   RO         6082    i.qsdk_led_init     qsdk_led.o
    0x0800a412   0x0800a412   0x0000000e   Code   RO         6083    i.qsdk_led_off      qsdk_led.o
    0x0800a420   0x0800a420   0x0000000e   Code   RO         6084    i.qsdk_led_on       qsdk_led.o
    0x0800a42e   0x0800a42e   0x00000002   PAD
    0x0800a430   0x0800a430   0x00000050   Code   RO         2316    i.qsdk_nb_get_csq   qsdk_nb.o
    0x0800a480   0x0800a480   0x0000004c   Code   RO         2317    i.qsdk_nb_get_imei  qsdk_nb.o
    0x0800a4cc   0x0800a4cc   0x00000044   Code   RO         2318    i.qsdk_nb_get_imsi  qsdk_nb.o
    0x0800a510   0x0800a510   0x00000074   Code   RO         2319    i.qsdk_nb_get_net_connect  qsdk_nb.o
    0x0800a584   0x0800a584   0x00000014   Code   RO         2320    i.qsdk_nb_get_net_connect_status  qsdk_nb.o
    0x0800a598   0x0800a598   0x00000084   Code   RO         2323    i.qsdk_nb_get_time  qsdk_nb.o
    0x0800a61c   0x0800a61c   0x0000009c   Code   RO         2324    i.qsdk_nb_ping_ip   qsdk_nb.o
    0x0800a6b8   0x0800a6b8   0x0000041c   Code   RO         2326    i.qsdk_nb_quick_connect  qsdk_nb.o
    0x0800aad4   0x0800aad4   0x00000154   Code   RO         2327    i.qsdk_nb_reboot    qsdk_nb.o
    0x0800ac28   0x0800ac28   0x00000068   Code   RO         2505    i.qsdk_nb_reboot_callback  qsdk_callback.o
    0x0800ac90   0x0800ac90   0x00000168   Code   RO         2330    i.qsdk_nb_set_rtc_time  qsdk_nb.o
    0x0800adf8   0x0800adf8   0x0000004c   Code   RO         2331    i.qsdk_nb_sim_check  qsdk_nb.o
    0x0800ae44   0x0800ae44   0x0000007c   Code   RO         2332    i.qsdk_nb_wait_connect  qsdk_nb.o
    0x0800aec0   0x0800aec0   0x00000014   Code   RO         2587    i.qsdk_net_clear_environment  qsdk_net.o
    0x0800aed4   0x0800aed4   0x000000c8   Code   RO         2588    i.qsdk_net_client_init  qsdk_net.o
    0x0800af9c   0x0800af9c   0x00000070   Code   RO         2506    i.qsdk_net_close_callback  qsdk_callback.o
    0x0800b00c   0x0800b00c   0x00000080   Code   RO         2589    i.qsdk_net_close_socket  qsdk_net.o
    0x0800b08c   0x0800b08c   0x00000168   Code   RO         2591    i.qsdk_net_create_socket  qsdk_net.o
    0x0800b1f4   0x0800b1f4   0x00000290   Code   RO         2507    i.qsdk_net_data_callback  qsdk_callback.o
    0x0800b484   0x0800b484   0x00000010   Code   RO         2592    i.qsdk_net_get_client_connect  qsdk_net.o
    0x0800b494   0x0800b494   0x0000027c   Code   RO         2594    i.qsdk_net_send_data  qsdk_net.o
    0x0800b710   0x0800b710   0x00000042   Code   RO         6244    i.qsdk_oled_clear_screen  qsdk_oled.o
    0x0800b752   0x0800b752   0x00000046   Code   RO         6246    i.qsdk_oled_dis_16x16_char  qsdk_oled.o
    0x0800b798   0x0800b798   0x0000009c   Code   RO         6248    i.qsdk_oled_dis_8x16_string  qsdk_oled.o
    0x0800b834   0x0800b834   0x00000160   Code   RO         6249    i.qsdk_oled_init    qsdk_oled.o
    0x0800b994   0x0800b994   0x00000024   Code   RO         6250    i.qsdk_oled_set_address  qsdk_oled.o
    0x0800b9b8   0x0800b9b8   0x00000094   Code   RO         6251    i.qsdk_oled_write_cmd  qsdk_oled.o
    0x0800ba4c   0x0800ba4c   0x00000094   Code   RO         6252    i.qsdk_oled_write_data  qsdk_oled.o
    0x0800bae0   0x0800bae0   0x0000002c   Code   RO         2513    i.qsdk_rtc_set_time_callback  qsdk_callback.o
    0x0800bb0c   0x0800bb0c   0x00000120   Code   RO         2333    i.qsdk_thread_entry  qsdk_nb.o
    0x0800bc2c   0x0800bc2c   0x000000cc   Code   RO         2654    i.read_hw_humidity  sht20.o
    0x0800bcf8   0x0800bcf8   0x000000d8   Code   RO         2655    i.read_hw_temperature  sht20.o
    0x0800bdd0   0x0800bdd0   0x0000004c   Code   RO         2656    i.read_regs         sht20.o
    0x0800be1c   0x0800be1c   0x0000000c   Code   RO         2151    i.reboot            drv_common.o
    0x0800be28   0x0800be28   0x00000050   Code   RO          105    i.rt_application_init  components.o
    0x0800be78   0x0800be78   0x00000074   Code   RO          639    i.rt_assert_handler  kservice.o
    0x0800beec   0x0800beec   0x00000022   Code   RO          842    i.rt_calloc         mem.o
    0x0800bf0e   0x0800bf0e   0x00000002   PAD
    0x0800bf10   0x0800bf10   0x00000068   Code   RO         3200    i.rt_completion_done  completion.o
    0x0800bf78   0x0800bf78   0x00000048   Code   RO         3201    i.rt_completion_init  completion.o
    0x0800bfc0   0x0800bfc0   0x00000140   Code   RO         3202    i.rt_completion_wait  completion.o
    0x0800c100   0x0800c100   0x0000001c   Code   RO          106    i.rt_components_board_init  components.o
    0x0800c11c   0x0800c11c   0x0000001c   Code   RO          107    i.rt_components_init  components.o
    0x0800c138   0x0800c138   0x0000000c   Code   RO          641    i.rt_console_get_device  kservice.o
    0x0800c144   0x0800c144   0x00000034   Code   RO          642    i.rt_console_set_device  kservice.o
    0x0800c178   0x0800c178   0x00000064   Code   RO         3233    i.rt_data_queue_init  dataqueue.o
    0x0800c1dc   0x0800c1dc   0x00000080   Code   RO         3234    i.rt_data_queue_peak  dataqueue.o
    0x0800c25c   0x0800c25c   0x000001c0   Code   RO         3235    i.rt_data_queue_pop  dataqueue.o
    0x0800c41c   0x0800c41c   0x00000160   Code   RO         3236    i.rt_data_queue_push  dataqueue.o
    0x0800c57c   0x0800c57c   0x000000ac   Code   RO          178    i.rt_device_close   device.o
    0x0800c628   0x0800c628   0x00000094   Code   RO          179    i.rt_device_control  device.o
    0x0800c6bc   0x0800c6bc   0x0000007c   Code   RO          182    i.rt_device_find    device.o
    0x0800c738   0x0800c738   0x00000148   Code   RO          185    i.rt_device_open    device.o
    0x0800c880   0x0800c880   0x00000048   Code   RO         2999    i.rt_device_pin_register  pin.o
    0x0800c8c8   0x0800c8c8   0x000000b4   Code   RO          186    i.rt_device_read    device.o
    0x0800c97c   0x0800c97c   0x00000034   Code   RO          187    i.rt_device_register  device.o
    0x0800c9b0   0x0800c9b0   0x00000080   Code   RO          188    i.rt_device_set_rx_indicate  device.o
    0x0800ca30   0x0800ca30   0x000000b4   Code   RO          191    i.rt_device_write   device.o
    0x0800cae4   0x0800cae4   0x0000000c   Code   RO         3105    i.rt_dma_calc_recved_len  serial.o
    0x0800caf0   0x0800caf0   0x0000009c   Code   RO         3106    i.rt_dma_recv_update_get_index  serial.o
    0x0800cb8c   0x0800cb8c   0x000000b4   Code   RO         3107    i.rt_dma_recv_update_put_index  serial.o
    0x0800cc40   0x0800cc40   0x00000020   Code   RO         1110    i.rt_enter_critical  scheduler.o
    0x0800cc60   0x0800cc60   0x00000084   Code   RO          323    i.rt_event_create   ipc.o
    0x0800cce4   0x0800cce4   0x00000210   Code   RO          327    i.rt_event_recv     ipc.o
    0x0800cef4   0x0800cef4   0x00000108   Code   RO          328    i.rt_event_send     ipc.o
    0x0800cffc   0x0800cffc   0x00000044   Code   RO         1111    i.rt_exit_critical  scheduler.o
    0x0800d040   0x0800d040   0x00000208   Code   RO          843    i.rt_free           mem.o
    0x0800d248   0x0800d248   0x0000003c   Code   RO         2152    i.rt_hw_board_init  drv_common.o
    0x0800d284   0x0800d284   0x00000002   Code   RO          645    i.rt_hw_console_output  kservice.o
    0x0800d286   0x0800d286   0x00000002   PAD
    0x0800d288   0x0800d288   0x00000010   Code   RO         2777    i.rt_hw_cpu_reset   cpuport.o
    0x0800d298   0x0800d298   0x00000208   Code   RO         2780    i.rt_hw_hard_fault_exception  cpuport.o
    0x0800d4a0   0x0800d4a0   0x000000d4   Code   RO         2016    i.rt_hw_i2c_init    drv_soft_i2c.o
    0x0800d574   0x0800d574   0x000000b8   Code   RO         1786    i.rt_hw_pin_init    drv_gpio.o
    0x0800d62c   0x0800d62c   0x00000070   Code   RO         2085    i.rt_hw_rtc_init    drv_rtc.o
    0x0800d69c   0x0800d69c   0x0000006c   Code   RO         2086    i.rt_hw_rtc_register  drv_rtc.o
    0x0800d708   0x0800d708   0x000001dc   Code   RO         3108    i.rt_hw_serial_isr  serial.o
    0x0800d8e4   0x0800d8e4   0x00000080   Code   RO         3109    i.rt_hw_serial_register  serial.o
    0x0800d964   0x0800d964   0x0000004c   Code   RO         2781    i.rt_hw_stack_init  cpuport.o
    0x0800d9b0   0x0800d9b0   0x00000026   Code   RO         2153    i.rt_hw_systick_init  drv_common.o
    0x0800d9d6   0x0800d9d6   0x00000002   PAD
    0x0800d9d8   0x0800d9d8   0x00000120   Code   RO         1895    i.rt_hw_usart_init  drv_usart.o
    0x0800daf8   0x0800daf8   0x00000018   Code   RO         2926    i.rt_i2c_bit_add_bus  i2c-bit-ops.o
    0x0800db10   0x0800db10   0x0000005c   Code   RO         2887    i.rt_i2c_bus_device_device_init  i2c_dev.o
    0x0800db6c   0x0800db6c   0x0000001e   Code   RO         2838    i.rt_i2c_bus_device_find  i2c_core.o
    0x0800db8a   0x0800db8a   0x00000002   PAD
    0x0800db8c   0x0800db8c   0x0000003c   Code   RO         2839    i.rt_i2c_bus_device_register  i2c_core.o
    0x0800dbc8   0x0800dbc8   0x00000004   Code   RO         2840    i.rt_i2c_core_init  i2c_core.o
    0x0800dbcc   0x0800dbcc   0x00000070   Code   RO         2841    i.rt_i2c_master_recv  i2c_core.o
    0x0800dc3c   0x0800dc3c   0x00000042   Code   RO         2842    i.rt_i2c_master_send  i2c_core.o
    0x0800dc7e   0x0800dc7e   0x0000003c   Code   RO         2843    i.rt_i2c_transfer   i2c_core.o
    0x0800dcba   0x0800dcba   0x00000002   PAD
    0x0800dcbc   0x0800dcbc   0x00000038   Code   RO          597    i.rt_interrupt_enter  irq.o
    0x0800dcf4   0x0800dcf4   0x0000001c   Code   RO          599    i.rt_interrupt_get_nest  irq.o
    0x0800dd10   0x0800dd10   0x00000038   Code   RO          600    i.rt_interrupt_leave  irq.o
    0x0800dd48   0x0800dd48   0x00000018   Code   RO          329    i.rt_ipc_list_resume  ipc.o
    0x0800dd60   0x0800dd60   0x00000032   Code   RO          330    i.rt_ipc_list_resume_all  ipc.o
    0x0800dd92   0x0800dd92   0x0000006c   Code   RO          331    i.rt_ipc_list_suspend  ipc.o
    0x0800ddfe   0x0800ddfe   0x00000010   Code   RO          332    i.rt_ipc_object_init  ipc.o
    0x0800de0e   0x0800de0e   0x00000002   PAD
    0x0800de10   0x0800de10   0x00000068   Code   RO          646    i.rt_kprintf        kservice.o
    0x0800de78   0x0800de78   0x00000006   Code   RO          333    i.rt_list_init      ipc.o
    0x0800de7e   0x0800de7e   0x00000006   Code   RO         1112    i.rt_list_init      scheduler.o
    0x0800de84   0x0800de84   0x00000006   Code   RO         1351    i.rt_list_init      timer.o
    0x0800de8a   0x0800de8a   0x00000006   Code   RO         3238    i.rt_list_init      dataqueue.o
    0x0800de90   0x0800de90   0x0000000e   Code   RO         1000    i.rt_list_insert_after  object.o
    0x0800de9e   0x0800de9e   0x0000000e   Code   RO         1207    i.rt_list_insert_after  thread.o
    0x0800deac   0x0800deac   0x0000000e   Code   RO         1352    i.rt_list_insert_after  timer.o
    0x0800deba   0x0800deba   0x0000000e   Code   RO          334    i.rt_list_insert_before  ipc.o
    0x0800dec8   0x0800dec8   0x0000000e   Code   RO         3239    i.rt_list_insert_before  dataqueue.o
    0x0800ded6   0x0800ded6   0x00000010   Code   RO          335    i.rt_list_isempty   ipc.o
    0x0800dee6   0x0800dee6   0x00000010   Code   RO         1353    i.rt_list_isempty   timer.o
    0x0800def6   0x0800def6   0x00000010   Code   RO         3203    i.rt_list_isempty   completion.o
    0x0800df06   0x0800df06   0x00000010   Code   RO         3240    i.rt_list_isempty   dataqueue.o
    0x0800df16   0x0800df16   0x00000010   Code   RO         3849    i.rt_list_isempty   cmd.o
    0x0800df26   0x0800df26   0x00000014   Code   RO         3850    i.rt_list_len       cmd.o
    0x0800df3a   0x0800df3a   0x00000012   Code   RO         1001    i.rt_list_remove    object.o
    0x0800df4c   0x0800df4c   0x00000012   Code   RO         1208    i.rt_list_remove    thread.o
    0x0800df5e   0x0800df5e   0x00000002   PAD
    0x0800df60   0x0800df60   0x000002bc   Code   RO          845    i.rt_malloc         mem.o
    0x0800e21c   0x0800e21c   0x000000ac   Code   RO          337    i.rt_mb_create      ipc.o
    0x0800e2c8   0x0800e2c8   0x0000022c   Code   RO          341    i.rt_mb_recv        ipc.o
    0x0800e4f4   0x0800e4f4   0x00000012   Code   RO          342    i.rt_mb_send        ipc.o
    0x0800e506   0x0800e506   0x00000002   PAD
    0x0800e508   0x0800e508   0x00000208   Code   RO          343    i.rt_mb_send_wait   ipc.o
    0x0800e710   0x0800e710   0x00000026   Code   RO          649    i.rt_memcmp         kservice.o
    0x0800e736   0x0800e736   0x0000007c   Code   RO          650    i.rt_memcpy         kservice.o
    0x0800e7b2   0x0800e7b2   0x00000042   Code   RO          651    i.rt_memmove        kservice.o
    0x0800e7f4   0x0800e7f4   0x00000048   Code   RO          652    i.rt_memset         kservice.o
    0x0800e83c   0x0800e83c   0x00000090   Code   RO          353    i.rt_mutex_create   ipc.o
    0x0800e8cc   0x0800e8cc   0x00000100   Code   RO          354    i.rt_mutex_delete   ipc.o
    0x0800e9cc   0x0800e9cc   0x00000054   Code   RO          356    i.rt_mutex_init     ipc.o
    0x0800ea20   0x0800ea20   0x000001b0   Code   RO          357    i.rt_mutex_release  ipc.o
    0x0800ebd0   0x0800ebd0   0x000001f4   Code   RO          358    i.rt_mutex_take     ipc.o
    0x0800edc4   0x0800edc4   0x000000ec   Code   RO         1002    i.rt_object_allocate  object.o
    0x0800eeb0   0x0800eeb0   0x000000a0   Code   RO         1004    i.rt_object_delete  object.o
    0x0800ef50   0x0800ef50   0x0000005c   Code   RO         1005    i.rt_object_detach  object.o
    0x0800efac   0x0800efac   0x00000028   Code   RO         1008    i.rt_object_get_information  object.o
    0x0800efd4   0x0800efd4   0x00000034   Code   RO         1009    i.rt_object_get_type  object.o
    0x0800f008   0x0800f008   0x000000b4   Code   RO         1010    i.rt_object_init    object.o
    0x0800f0bc   0x0800f0bc   0x0000003c   Code   RO         1011    i.rt_object_is_systemobject  object.o
    0x0800f0f8   0x0800f0f8   0x00000048   Code   RO         3003    i.rt_pin_mode       pin.o
    0x0800f140   0x0800f140   0x00000044   Code   RO         3004    i.rt_pin_read       pin.o
    0x0800f184   0x0800f184   0x00000048   Code   RO         3005    i.rt_pin_write      pin.o
    0x0800f1cc   0x0800f1cc   0x00000184   Code   RO          848    i.rt_realloc        mem.o
    0x0800f350   0x0800f350   0x00000058   Code   RO         3476    i.rt_ringbuffer_create  ringbuffer.o
    0x0800f3a8   0x0800f3a8   0x0000004c   Code   RO         3477    i.rt_ringbuffer_data_len  ringbuffer.o
    0x0800f3f4   0x0800f3f4   0x00000034   Code   RO         3478    i.rt_ringbuffer_destroy  ringbuffer.o
    0x0800f428   0x0800f428   0x0000007c   Code   RO         3480    i.rt_ringbuffer_getchar  ringbuffer.o
    0x0800f4a4   0x0800f4a4   0x00000070   Code   RO         3481    i.rt_ringbuffer_init  ringbuffer.o
    0x0800f514   0x0800f514   0x000000fc   Code   RO         3483    i.rt_ringbuffer_put_force  ringbuffer.o
    0x0800f610   0x0800f610   0x0000002a   Code   RO         3487    i.rt_ringbuffer_status  ringbuffer.o
    0x0800f63a   0x0800f63a   0x00000002   PAD
    0x0800f63c   0x0800f63c   0x0000009c   Code   RO         2087    i.rt_rtc_config     drv_rtc.o
    0x0800f6d8   0x0800f6d8   0x00000054   Code   RO         2088    i.rt_rtc_control    drv_rtc.o
    0x0800f72c   0x0800f72c   0x00000044   Code   RO         2089    i.rt_rtc_init       drv_rtc.o
    0x0800f770   0x0800f770   0x0000010c   Code   RO         1113    i.rt_schedule       scheduler.o
    0x0800f87c   0x0800f87c   0x0000009c   Code   RO         1114    i.rt_schedule_insert_thread  scheduler.o
    0x0800f918   0x0800f918   0x00000080   Code   RO         1115    i.rt_schedule_remove_thread  scheduler.o
    0x0800f998   0x0800f998   0x00000074   Code   RO          359    i.rt_sem_control    ipc.o
    0x0800fa0c   0x0800fa0c   0x000000ac   Code   RO          360    i.rt_sem_create     ipc.o
    0x0800fab8   0x0800fab8   0x000000f8   Code   RO          361    i.rt_sem_delete     ipc.o
    0x0800fbb0   0x0800fbb0   0x00000090   Code   RO          362    i.rt_sem_detach     ipc.o
    0x0800fc40   0x0800fc40   0x0000006c   Code   RO          363    i.rt_sem_init       ipc.o
    0x0800fcac   0x0800fcac   0x00000090   Code   RO          364    i.rt_sem_release    ipc.o
    0x0800fd3c   0x0800fd3c   0x000001a4   Code   RO          365    i.rt_sem_take       ipc.o
    0x0800fee0   0x0800fee0   0x00000184   Code   RO         3110    i.rt_serial_close   serial.o
    0x08010064   0x08010064   0x000000a4   Code   RO         3111    i.rt_serial_control  serial.o
    0x08010108   0x08010108   0x00000048   Code   RO         3112    i.rt_serial_init    serial.o
    0x08010150   0x08010150   0x000002ac   Code   RO         3113    i.rt_serial_open    serial.o
    0x080103fc   0x080103fc   0x0000006c   Code   RO         3114    i.rt_serial_read    serial.o
    0x08010468   0x08010468   0x0000006c   Code   RO         3115    i.rt_serial_write   serial.o
    0x080104d4   0x080104d4   0x00000028   Code   RO          653    i.rt_set_errno      kservice.o
    0x080104fc   0x080104fc   0x000000b0   Code   RO          654    i.rt_show_version   kservice.o
    0x080105ac   0x080105ac   0x00000026   Code   RO          655    i.rt_snprintf       kservice.o
    0x080105d2   0x080105d2   0x00000022   Code   RO          656    i.rt_sprintf        kservice.o
    0x080105f4   0x080105f4   0x0000001c   Code   RO          658    i.rt_strcmp         kservice.o
    0x08010610   0x08010610   0x00000012   Code   RO          660    i.rt_strlen         kservice.o
    0x08010622   0x08010622   0x00000028   Code   RO          661    i.rt_strncmp        kservice.o
    0x0801064a   0x0801064a   0x00000034   Code   RO          662    i.rt_strncpy        kservice.o
    0x0801067e   0x0801067e   0x0000003a   Code   RO          664    i.rt_strstr         kservice.o
    0x080106b8   0x080106b8   0x00000154   Code   RO          849    i.rt_system_heap_init  mem.o
    0x0801080c   0x0801080c   0x00000040   Code   RO         1117    i.rt_system_scheduler_init  scheduler.o
    0x0801084c   0x0801084c   0x00000028   Code   RO         1118    i.rt_system_scheduler_start  scheduler.o
    0x08010874   0x08010874   0x0000001c   Code   RO         1354    i.rt_system_timer_init  timer.o
    0x08010890   0x08010890   0x00000002   Code   RO         1355    i.rt_system_timer_thread_init  timer.o
    0x08010892   0x08010892   0x00000002   PAD
    0x08010894   0x08010894   0x000000b8   Code   RO         1209    i.rt_thread_control  thread.o
    0x0801094c   0x0801094c   0x00000050   Code   RO         1210    i.rt_thread_create  thread.o
    0x0801099c   0x0801099c   0x0000000c   Code   RO         1211    i.rt_thread_delay   thread.o
    0x080109a8   0x080109a8   0x000000d0   Code   RO         1212    i.rt_thread_delete  thread.o
    0x08010a78   0x08010a78   0x00000054   Code   RO         1214    i.rt_thread_exit    thread.o
    0x08010acc   0x08010acc   0x00000028   Code   RO          271    i.rt_thread_idle_entry  idle.o
    0x08010af4   0x08010af4   0x000000e4   Code   RO          272    i.rt_thread_idle_excute  idle.o
    0x08010bd8   0x08010bd8   0x00000060   Code   RO          274    i.rt_thread_idle_init  idle.o
    0x08010c38   0x08010c38   0x0000007c   Code   RO         1216    i.rt_thread_init    thread.o
    0x08010cb4   0x08010cb4   0x0000009c   Code   RO         1219    i.rt_thread_resume  thread.o
    0x08010d50   0x08010d50   0x0000000c   Code   RO         1221    i.rt_thread_self    thread.o
    0x08010d5c   0x08010d5c   0x00000080   Code   RO         1222    i.rt_thread_sleep   thread.o
    0x08010ddc   0x08010ddc   0x000000c4   Code   RO         1223    i.rt_thread_startup  thread.o
    0x08010ea0   0x08010ea0   0x000000dc   Code   RO         1224    i.rt_thread_suspend  thread.o
    0x08010f7c   0x08010f7c   0x000000b4   Code   RO         1226    i.rt_thread_timeout  thread.o
    0x08011030   0x08011030   0x0000000a   Code   RO         1227    i.rt_thread_yield   thread.o
    0x0801103a   0x0801103a   0x00000038   Code   RO            2    i.rt_tick_from_millisecond  clock.o
    0x08011072   0x08011072   0x00000002   PAD
    0x08011074   0x08011074   0x0000000c   Code   RO            3    i.rt_tick_get       clock.o
    0x08011080   0x08011080   0x00000030   Code   RO            4    i.rt_tick_increase  clock.o
    0x080110b0   0x080110b0   0x000000b4   Code   RO         1356    i.rt_timer_check    timer.o
    0x08011164   0x08011164   0x000000b8   Code   RO         1357    i.rt_timer_control  timer.o
    0x0801121c   0x0801121c   0x000000d4   Code   RO         1360    i.rt_timer_detach   timer.o
    0x080112f0   0x080112f0   0x00000054   Code   RO         1363    i.rt_timer_init     timer.o
    0x08011344   0x08011344   0x000001c0   Code   RO         1366    i.rt_timer_start    timer.o
    0x08011504   0x08011504   0x000000c0   Code   RO         1367    i.rt_timer_stop     timer.o
    0x080115c4   0x080115c4   0x00000330   Code   RO          665    i.rt_vsnprintf      kservice.o
    0x080118f4   0x080118f4   0x00000016   Code   RO          666    i.rt_vsprintf       kservice.o
    0x0801190a   0x0801190a   0x00000004   Code   RO          108    i.rti_board_end     components.o
    0x0801190e   0x0801190e   0x00000004   Code   RO          109    i.rti_board_start   components.o
    0x08011912   0x08011912   0x00000004   Code   RO          110    i.rti_end           components.o
    0x08011916   0x08011916   0x00000004   Code   RO          111    i.rti_start         components.o
    0x0801191a   0x0801191a   0x0000002a   Code   RO          112    i.rtthread_startup  components.o
    0x08011944   0x08011944   0x0000006c   Code   RO         3067    i.set_date          rtc.o
    0x080119b0   0x080119b0   0x000000ac   Code   RO         2090    i.set_rtc_time_stamp  drv_rtc.o
    0x08011a5c   0x08011a5c   0x00000068   Code   RO         3068    i.set_time          rtc.o
    0x08011ac4   0x08011ac4   0x00000038   Code   RO         3717    i.shell_auto_complete  shell.o
    0x08011afc   0x08011afc   0x00000030   Code   RO         3718    i.shell_handle_history  shell.o
    0x08011b2c   0x08011b2c   0x000000d8   Code   RO         3719    i.shell_push_history  shell.o
    0x08011c04   0x08011c04   0x00000030   Code   RO         3851    i.show_wait_queue   cmd.o
    0x08011c34   0x08011c34   0x00000238   Code   RO         2657    i.sht20             sht20.o
    0x08011e6c   0x08011e6c   0x00000028   Code   RO         2658    i.sht20_deinit      sht20.o
    0x08011e94   0x08011e94   0x000000c8   Code   RO         1478    i.sht20_entry       main.o
    0x08011f5c   0x08011f5c   0x00000160   Code   RO         2660    i.sht20_init        sht20.o
    0x080120bc   0x080120bc   0x0000000c   Code   RO         2661    i.sht20_read_humidity  sht20.o
    0x080120c8   0x080120c8   0x0000000c   Code   RO         2662    i.sht20_read_temperature  sht20.o
    0x080120d4   0x080120d4   0x00000026   Code   RO          667    i.skip_atoi         kservice.o
    0x080120fa   0x080120fa   0x00000002   PAD
    0x080120fc   0x080120fc   0x00000108   Code   RO         1896    i.stm32_configure   drv_usart.o
    0x08012204   0x08012204   0x000000c4   Code   RO         1897    i.stm32_control     drv_usart.o
    0x080122c8   0x080122c8   0x000000fc   Code   RO         1898    i.stm32_dma_config  drv_usart.o
    0x080123c4   0x080123c4   0x0000000e   Code   RO         2017    i.stm32_get_scl     drv_soft_i2c.o
    0x080123d2   0x080123d2   0x0000000e   Code   RO         2018    i.stm32_get_sda     drv_soft_i2c.o
    0x080123e0   0x080123e0   0x00000060   Code   RO         1899    i.stm32_getc        drv_usart.o
    0x08012440   0x08012440   0x00000046   Code   RO         2019    i.stm32_i2c_bus_unlock  drv_soft_i2c.o
    0x08012486   0x08012486   0x00000028   Code   RO         2020    i.stm32_i2c_gpio_init  drv_soft_i2c.o
    0x080124ae   0x080124ae   0x00000002   PAD
    0x080124b0   0x080124b0   0x000000dc   Code   RO         1787    i.stm32_pin_attach_irq  drv_gpio.o
    0x0801258c   0x0801258c   0x0000008c   Code   RO         1788    i.stm32_pin_dettach_irq  drv_gpio.o
    0x08012618   0x08012618   0x00000190   Code   RO         1789    i.stm32_pin_irq_enable  drv_gpio.o
    0x080127a8   0x080127a8   0x00000074   Code   RO         1790    i.stm32_pin_mode    drv_gpio.o
    0x0801281c   0x0801281c   0x0000002a   Code   RO         1791    i.stm32_pin_read    drv_gpio.o
    0x08012846   0x08012846   0x00000028   Code   RO         1792    i.stm32_pin_write   drv_gpio.o
    0x0801286e   0x0801286e   0x00000002   PAD
    0x08012870   0x08012870   0x0000004c   Code   RO         1900    i.stm32_putc        drv_usart.o
    0x080128bc   0x080128bc   0x0000001e   Code   RO         2021    i.stm32_set_scl     drv_soft_i2c.o
    0x080128da   0x080128da   0x0000001e   Code   RO         2022    i.stm32_set_sda     drv_soft_i2c.o
    0x080128f8   0x080128f8   0x00000002   Code   RO         1901    i.stm32_uart_get_dma_config  drv_usart.o
    0x080128fa   0x080128fa   0x00000048   Code   RO         2023    i.stm32_udelay      drv_soft_i2c.o
    0x08012942   0x08012942   0x00000020   Code   RO         3959    i.str_common        msh.o
    0x08012962   0x08012962   0x00000002   PAD
    0x08012964   0x08012964   0x0000003c   Code   RO         2334    i.string_to_hex     qsdk_nb.o
    0x080129a0   0x080129a0   0x00000050   Code   RO         4216    i.time              time.o
    0x080129f0   0x080129f0   0x00000190   Code   RO         1902    i.uart_isr          drv_usart.o
    0x08012b80   0x08012b80   0x000000e8   Code   RO         2782    i.usage_fault_track  cpuport.o
    0x08012c68   0x08012c68   0x0000000a   Code   RO         3852    i.version           cmd.o
    0x08012c72   0x08012c72   0x00000014   Data   RO          113    .constdata          components.o
    0x08012c86   0x08012c86   0x000000c9   Data   RO          192    .constdata          device.o
    0x08012d4f   0x08012d4f   0x00000016   Data   RO          277    .constdata          idle.o
    0x08012d65   0x08012d65   0x000001f7   Data   RO          367    .constdata          ipc.o
    0x08012f5c   0x08012f5c   0x00000122   Data   RO          669    .constdata          kservice.o
    0x0801307e   0x0801307e   0x0000003c   Data   RO          851    .constdata          mem.o
    0x080130ba   0x080130ba   0x00000080   Data   RO         1016    .constdata          object.o
    0x0801313a   0x0801313a   0x0000004e   Data   RO         1120    .constdata          scheduler.o
    0x08013188   0x08013188   0x000000b9   Data   RO         1228    .constdata          thread.o
    0x08013241   0x08013241   0x0000005c   Data   RO         1368    .constdata          timer.o
    0x0801329d   0x0801329d   0x00000003   PAD
    0x080132a0   0x080132a0   0x000004d8   Data   RO         1793    .constdata          drv_gpio.o
    0x08013778   0x08013778   0x000000ac   Data   RO         1904    .constdata          drv_usart.o
    0x08013824   0x08013824   0x00000037   Data   RO         2025    .constdata          drv_soft_i2c.o
    0x0801385b   0x0801385b   0x00000022   Data   RO         2092    .constdata          drv_rtc.o
    0x0801387d   0x0801387d   0x00000003   PAD
    0x08013880   0x08013880   0x00000008   Data   RO         2336    .constdata          qsdk_nb.o
    0x08013888   0x08013888   0x0000006d   Data   RO         2667    .constdata          sht20.o
    0x080138f5   0x080138f5   0x00000013   Data   RO         2844    .constdata          i2c_core.o
    0x08013908   0x08013908   0x0000005e   Data   RO         2888    .constdata          i2c_dev.o
    0x08013966   0x08013966   0x00000002   PAD
    0x08013968   0x08013968   0x0000000c   Data   RO         2927    .constdata          i2c-bit-ops.o
    0x08013974   0x08013974   0x0000007d   Data   RO         3007    .constdata          pin.o
    0x080139f1   0x080139f1   0x0000012a   Data   RO         3116    .constdata          serial.o
    0x08013b1b   0x08013b1b   0x00000039   Data   RO         3204    .constdata          completion.o
    0x08013b54   0x08013b54   0x0000004b   Data   RO         3241    .constdata          dataqueue.o
    0x08013b9f   0x08013b9f   0x000000d6   Data   RO         3488    .constdata          ringbuffer.o
    0x08013c75   0x08013c75   0x00000087   Data   RO         3721    .constdata          shell.o
    0x08013cfc   0x08013cfc   0x00000054   Data   RO         3853    .constdata          cmd.o
    0x08013d50   0x08013d50   0x0000000e   Data   RO         3960    .constdata          msh.o
    0x08013d5e   0x08013d5e   0x0000000c   Data   RO         4310    .constdata          at_cli.o
    0x08013d6a   0x08013d6a   0x000000d7   Data   RO         4384    .constdata          at_client.o
    0x08013e41   0x08013e41   0x00000021   Data   RO         4506    .constdata          system_stm32l1xx.o
    0x08013e62   0x08013e62   0x00000938   Data   RO         6253    .constdata          qsdk_oled.o
    0x0801479a   0x0801479a   0x0000000c   Data   RO         6334    .constdata          mc_w.l(mktime.o)
    0x080147a6   0x080147a6   0x0000000c   Data   RO         6674    .constdata          mc_w.l(localtime_i.o)
    0x080147b2   0x080147b2   0x00000039   Data   RO         6678    .constdata          mc_w.l(asctime.o)
    0x080147eb   0x080147eb   0x00000081   Data   RO         6719    .constdata          mc_w.l(ctype_o.o)
    0x0801486c   0x0801486c   0x00000004   Data   RO         6720    .constdata          mc_w.l(ctype_o.o)
    0x08014870   0x08014870   0x00000112   Data   RO          368    .conststring        ipc.o
    0x08014982   0x08014982   0x00000002   PAD
    0x08014984   0x08014984   0x000000eb   Data   RO          852    .conststring        mem.o
    0x08014a6f   0x08014a6f   0x00000001   PAD
    0x08014a70   0x08014a70   0x00000042   Data   RO         1229    .conststring        thread.o
    0x08014ab2   0x08014ab2   0x00000002   PAD
    0x08014ab4   0x08014ab4   0x000000b1   Data   RO         1480    .conststring        main.o
    0x08014b65   0x08014b65   0x00000003   PAD
    0x08014b68   0x08014b68   0x0000000e   Data   RO         1905    .conststring        drv_usart.o
    0x08014b76   0x08014b76   0x00000002   PAD
    0x08014b78   0x08014b78   0x00000005   Data   RO         2026    .conststring        drv_soft_i2c.o
    0x08014b7d   0x08014b7d   0x00000003   PAD
    0x08014b80   0x08014b80   0x00000041   Data   RO         2093    .conststring        drv_rtc.o
    0x08014bc1   0x08014bc1   0x00000003   PAD
    0x08014bc4   0x08014bc4   0x00000098   Data   RO         2337    .conststring        qsdk_nb.o
    0x08014c5c   0x08014c5c   0x000000ad   Data   RO         2668    .conststring        sht20.o
    0x08014d09   0x08014d09   0x00000003   PAD
    0x08014d0c   0x08014d0c   0x0000016d   Data   RO         3854    .conststring        cmd.o
    0x08014e79   0x08014e79   0x00000003   PAD
    0x08014e7c   0x08014e7c   0x0000008c   Data   RO         4311    .conststring        at_cli.o
    0x08014f08   0x08014f08   0x00000288   Data   RO         4385    .conststring        at_client.o
    0x08015190   0x08015190   0x00000027   Data   RO          854    .rodata.name        mem.o
    0x080151b7   0x080151b7   0x0000001b   Data   RO         2154    .rodata.name        drv_common.o
    0x080151d2   0x080151d2   0x00000022   Data   RO         2670    .rodata.name        sht20.o
    0x080151f4   0x080151f4   0x00000069   Data   RO         3008    .rodata.name        pin.o
    0x0801525d   0x0801525d   0x000000b7   Data   RO         3069    .rodata.name        rtc.o
    0x08015314   0x08015314   0x0000032f   Data   RO         3855    .rodata.name        cmd.o
    0x08015643   0x08015643   0x00000021   Data   RO         3961    .rodata.name        msh.o
    0x08015664   0x08015664   0x0000007b   Data   RO         4010    .rodata.name        msh_cmd.o
    0x080156df   0x080156df   0x00000043   Data   RO         4313    .rodata.name        at_cli.o
    0x08015722   0x08015722   0x00000002   PAD
    0x08015724   0x08015724   0x00000004   Data   RO          114    .rti_fn.0           components.o
    0x08015728   0x08015728   0x00000004   Data   RO          115    .rti_fn.0.end       components.o
    0x0801572c   0x0801572c   0x00000004   Data   RO         2027    .rti_fn.1           drv_soft_i2c.o
    0x08015730   0x08015730   0x00000004   Data   RO          116    .rti_fn.1.end       components.o
    0x08015734   0x08015734   0x00000004   Data   RO         2094    .rti_fn.3           drv_rtc.o
    0x08015738   0x08015738   0x00000004   Data   RO         2845    .rti_fn.4           i2c_core.o
    0x0801573c   0x0801573c   0x00000004   Data   RO         4042    .rti_fn.4           libc.o
    0x08015740   0x08015740   0x00000004   Data   RO         2339    .rti_fn.6           qsdk_nb.o
    0x08015744   0x08015744   0x00000004   Data   RO         3723    .rti_fn.6           shell.o
    0x08015748   0x08015748   0x00000004   Data   RO         6085    .rti_fn.6           qsdk_led.o
    0x0801574c   0x0801574c   0x00000004   Data   RO         6124    .rti_fn.6           qsdk_beep.o
    0x08015750   0x08015750   0x00000004   Data   RO         6171    .rti_fn.6           qsdk_key.o
    0x08015754   0x08015754   0x00000004   Data   RO          117    .rti_fn.6.end       components.o
    0x08015758   0x08015758   0x0000000c   Data   RO          855    FSymTab             mem.o
    0x08015764   0x08015764   0x0000000c   Data   RO         2155    FSymTab             drv_common.o
    0x08015770   0x08015770   0x0000000c   Data   RO         2671    FSymTab             sht20.o
    0x0801577c   0x0801577c   0x00000024   Data   RO         3009    FSymTab             pin.o
    0x080157a0   0x080157a0   0x00000030   Data   RO         3070    FSymTab             rtc.o
    0x080157d0   0x080157d0   0x00000108   Data   RO         3856    FSymTab             cmd.o
    0x080158d8   0x080158d8   0x0000000c   Data   RO         3962    FSymTab             msh.o
    0x080158e4   0x080158e4   0x00000024   Data   RO         4011    FSymTab             msh_cmd.o
    0x08015908   0x08015908   0x0000000c   Data   RO         4314    FSymTab             at_cli.o
    0x08015914   0x08015914   0x00000020   Data   RO         6757    Region$$Table       anon$$obj.o


    Execution Region RW_IRAM1 (Exec base: 0x20000000, Load base: 0x08015934, Size: 0x000014b8, Max: 0x00008000, ABSOLUTE, COMPRESSED[0x00000090])

    Exec Addr    Load Addr    Size         Type   Attr      Idx    E Section Name        Object

    0x20000000   COMPRESSED   0x00000004   Data   RW            6    .data               clock.o
    0x20000004   COMPRESSED   0x00000009   Data   RW          602    .data               irq.o
    0x2000000d   COMPRESSED   0x00000003   PAD
    0x20000010   COMPRESSED   0x0000000c   Data   RW          670    .data               kservice.o
    0x2000001c   COMPRESSED   0x00000020   Data   RW          853    .data               mem.o
    0x2000003c   COMPRESSED   0x000000a4   Data   RW         1017    .data               object.o
    0x200000e0   COMPRESSED   0x0000001c   Data   RW         1121    .data               scheduler.o
    0x200000fc   COMPRESSED   0x0000000c   Data   RW         1230    .data               thread.o
    0x20000108   COMPRESSED   0x00000014   Data   RW         1369    .data               timer.o
    0x2000011c   COMPRESSED   0x00000048   Data   RW         1481    .data               main.o
    0x20000164   COMPRESSED   0x000000c4   Data   RW         1794    .data               drv_gpio.o
    0x20000228   COMPRESSED   0x00000020   Data   RW         1906    .data               drv_usart.o
    0x20000248   COMPRESSED   0x00000004   Data   RW         2235    .data               button.o
    0x2000024c   COMPRESSED   0x0000005c   Data   RW         2338    .data               qsdk_nb.o
    0x200002a8   COMPRESSED   0x00000004   Data   RW         2669    .data               sht20.o
    0x200002ac   COMPRESSED   0x00000010   Data   RW         2784    .data               cpuport.o
    0x200002bc   COMPRESSED   0x00000008   Data   RW         3722    .data               shell.o
    0x200002c4   COMPRESSED   0x00000010   Data   RW         3819    .data               symbol.o
    0x200002d4   COMPRESSED   0x00000004   Data   RW         4218    .data               time.o
    0x200002d8   COMPRESSED   0x00000004   Data   RW         4272    .data               at_utils.o
    0x200002dc   COMPRESSED   0x00000010   Data   RW         4312    .data               at_cli.o
    0x200002ec   COMPRESSED   0x00000004   Data   RW         4386    .data               at_client.o
    0x200002f0   COMPRESSED   0x00000004   Data   RW         4507    .data               system_stm32l1xx.o
    0x200002f4   COMPRESSED   0x00000004   Data   RW         4560    .data               stm32l1xx_hal.o
    0x200002f8   COMPRESSED   0x00000008   Data   RW         6254    .data               qsdk_oled.o
    0x20000300   COMPRESSED   0x00000004   Data   RW         6359    .data               mc_w.l(strtok.o)
    0x20000304   COMPRESSED   0x00000004   Data   RW         6683    .data               mc_w.l(errno.o)
    0x20000308        -       0x00000190   Zero   RW          276    .bss                idle.o
    0x20000498        -       0x00000080   Zero   RW          668    .bss                kservice.o
    0x20000518        -       0x00000020   Zero   RW          850    .bss                mem.o
    0x20000538        -       0x00000100   Zero   RW         1119    .bss                scheduler.o
    0x20000638        -       0x00000018   Zero   RW         1479    .bss                main.o
    0x20000650        -       0x000001c8   Zero   RW         1903    .bss                drv_usart.o
    0x20000818        -       0x00000098   Zero   RW         2024    .bss                drv_soft_i2c.o
    0x200008b0        -       0x00000060   Zero   RW         2091    .bss                drv_rtc.o
    0x20000910        -       0x0000006c   Zero   RW         2335    .bss                qsdk_nb.o
    0x2000097c        -       0x000000c8   Zero   RW         2595    .bss                qsdk_net.o
    0x20000a44        -       0x00000044   Zero   RW         3006    .bss                pin.o
    0x20000a88        -       0x00000081   Zero   RW         3720    .bss                shell.o
    0x20000b09        -       0x0000044c   Zero   RW         4271    .bss                at_utils.o
    0x20000f55   COMPRESSED   0x00000003   PAD
    0x20000f58        -       0x00000040   Zero   RW         4309    .bss                at_cli.o
    0x20000f98        -       0x00000034   Zero   RW         4383    .bss                at_client.o
    0x20000fcc        -       0x000000a0   Zero   RW         6170    .bss                qsdk_key.o
    0x2000106c        -       0x0000002c   Zero   RW         6671    .bss                mc_w.l(localtime_w.o)
    0x20001098        -       0x0000001a   Zero   RW         6677    .bss                mc_w.l(asctime.o)
    0x200010b2   COMPRESSED   0x00000006   PAD
    0x200010b8        -       0x00000400   Zero   RW         1766    STACK               startup_stm32l151xc.o


==============================================================================

Image component sizes


      Code (inc. data)   RO Data    RW Data    ZI Data      Debug   Object Name

      1104        376        231         16         64       6802   at_cli.o
      3800       1100        863          4         52      18034   at_client.o
       108         22          0          4       1100       2574   at_utils.o
       168         20          0          0          0        633   board.o
       778         16          0          4          0       5236   button.o
       116         12          0          4          0      18786   clock.o
      3480       1234       1528          0          0      21406   cmd.o
       512        180         57          0          0       5927   completion.o
       218         50         36          0          0       5460   components.o
       244         26          0          0          0        768   context_rvds.o
      1456        732          0         16          0       5724   cpuport.o
      1064        226         75          0          0       6671   dataqueue.o
      1312        594        201          0          0       8508   device.o
       158         18         39          0          0       4296   drv_common.o
      1464         60       1240        196          0      11673   drv_gpio.o
       792        172        103          0         96       5220   drv_rtc.o
       482         36         64          0        152       6124   drv_soft_i2c.o
      1762        348        186         32        456      33925   drv_usart.o
      1118          4         12          0          0      11369   i2c-bit-ops.o
       332         38         23          0          0       4994   i2c_core.o
       460        136         94          0          0       3592   i2c_dev.o
       384         84         22          0        400       5670   idle.o
      5192       1504        777          0          0      34580   ipc.o
       140         26          0          9          0       2086   irq.o
      2430        242        290         12        128      17352   kservice.o
         4          0          4          0          0       1264   libc.o
      2736       1046        177         72         24     412839   main.o
      2370        818        346         32         32       6668   mem.o
       916        180         59          0          0       6670   msh.o
        34          0        159          0          0       2931   msh_cmd.o
       852        284        128        164          0      10130   object.o
       524        182        266          0         68       8106   pin.o
        46          0          4          0          0       1951   qsdk_beep.o
       916        474          0          0          0       2642   qsdk_callback.o
       276         90          4          0        160       5527   qsdk_key.o
        98          0          4          0          0       2011   qsdk_led.o
      5070       2008        164         92        108      17372   qsdk_nb.o
      2396        938          0          0        200       7169   qsdk_net.o
       976        260       2360          8          0       6127   qsdk_oled.o
       746        110        214          0          0       8551   ringbuffer.o
       776        310        231          0          0       4709   rtc.o
      1002        252         78         28        256       9582   scheduler.o
      3544        760        298          0          0      15811   serial.o
      2344        316        139          8        129      10809   shell.o
      1480        626        328          4          0       8674   sht20.o
        36          8        292          0       1024        908   startup_stm32l151xc.o
        38          4          0          4          0       2062   stm32l1xx_hal.o
       366         28          0          0          0      29363   stm32l1xx_hal_cortex.o
       480         16          0          0          0       3403   stm32l1xx_hal_dma.o
       808         66          0          0          0       4388   stm32l1xx_hal_gpio.o
       364         30          0          0          0       2203   stm32l1xx_hal_msp.o
        24          4          0          0          0        531   stm32l1xx_hal_pwr.o
      3688        106          0          0          0       7112   stm32l1xx_hal_rcc.o
       468         14          0          0          0       1488   stm32l1xx_hal_rcc_ex.o
       930         18          0          0          0       5727   stm32l1xx_hal_rtc.o
       208          6          0          0          0       3310   stm32l1xx_hal_rtc_ex.o
      1238         20          0          0          0       5033   stm32l1xx_hal_uart.o
         0          0          0         16          0       5129   symbol.o
       100         18         33          4          0       1495   system_stm32l1xx.o
      1834        534        251         12          0      14964   thread.o
        80          8          0          4          0       1675   time.o
      1478        484         92         20          0      11735   timer.o

    ----------------------------------------------------------------------
     68382      17274      11536        768       4452     897479   Object Totals
         0          0         32          0          0          0   (incl. Generated)
        62          0         32          3          3          0   (incl. Padding)

    ----------------------------------------------------------------------

      Code (inc. data)   RO Data    RW Data    ZI Data      Debug   Library Member Name

        86          0          0          0          0          0   __dczerorl2.o
        28          0          0          0          0         68   _chval.o
       812          4          0          0          0        112   _scanf.o
       332          0          0          0          0         96   _scanf_int.o
       342          0          0          0          0        100   _scanf_longlong.o
       224          0          0          0          0         96   _scanf_str.o
        64          0          0          0          0         84   _sgetc.o
       158          0          0          0          0         92   _strtoul.o
       188         16         57          0         26         88   asctime.o
        26          0          0          0          0         80   atoi.o
        14          0          0          0          0         80   ctime.o
         8          4        133          0          0         68   ctype_o.o
         0          0          0          0          0          0   entry.o
         0          0          0          0          0          0   entry10a.o
         0          0          0          0          0          0   entry11a.o
         8          4          0          0          0          0   entry2.o
         4          0          0          0          0          0   entry5.o
         0          0          0          0          0          0   entry7b.o
         0          0          0          0          0          0   entry8b.o
         8          4          0          0          0          0   entry9a.o
         8          4          0          4          0         68   errno.o
        30          0          0          0          0          0   handlers.o
        36          8          0          0          0         68   init.o
        18          0          0          0          0         76   isspace_o.o
         0          0          0          0          0          0   iusefp.o
        30          0          0          0          0         68   llshl.o
        36          0          0          0          0         68   llsshr.o
        32          0          0          0          0         68   llushr.o
       140          6         12          0          0         76   localtime_i.o
        12          6          0          0         44         68   localtime_w.o
        26          0          0          0          0         80   memcmp.o
        36          0          0          0          0         68   memcpya.o
        36          0          0          0          0        108   memseta.o
       168         18         12          0          0         80   mktime.o
      2378         96          0          0          0        748   printfa.o
        40          8          0          0          0         84   scanf_char.o
       878         12          0          0          0        216   scanf_fp.o
        24          0          0          0          0         68   strcat.o
        28          0          0          0          0         76   strcmp.o
        18          0          0          0          0         68   strcpy.o
        14          0          0          0          0         68   strlen.o
        30          0          0          0          0         80   strncmp.o
        24          0          0          0          0         76   strncpy.o
        36          0          0          0          0         80   strstr.o
        68          6          0          4          0         80   strtok.o
       112          0          0          0          0         88   strtol.o
        44          0          0          0          0         80   uidiv.o
        98          0          0          0          0         92   uldiv.o
        48          8          0          0          0         80   vsscanf.o
        48          0          0          0          0         68   cdrcmple.o
        56          0          0          0          0         88   d2f.o
       334          0          0          0          0        148   dadd.o
       222          0          0          0          0        100   ddiv.o
       186          0          0          0          0        176   depilogue.o
        48          0          0          0          0         68   dfixul.o
        34          0          0          0          0         76   dflti.o
        24          0          0          0          0         76   dfltul.o
       228          0          0          0          0         96   dmul.o
        38          0          0          0          0         68   f2d.o
       110          0          0          0          0        168   fepilogue.o
        50          0          0          0          0         68   ffixi.o
       100          0          0          0          0         76   fmul.o

    ----------------------------------------------------------------------
      8240        204        214          8         76       5120   Library Totals
        12          0          0          0          6          0   (incl. Padding)

    ----------------------------------------------------------------------

      Code (inc. data)   RO Data    RW Data    ZI Data      Debug   Library Name

      6750        204        214          8         70       3844   mc_w.l
      1478          0          0          0          0       1276   mf_w.l

    ----------------------------------------------------------------------
      8240        204        214          8         76       5120   Library Totals

    ----------------------------------------------------------------------

==============================================================================


      Code (inc. data)   RO Data    RW Data    ZI Data      Debug   

     76622      17478      11750        776       4528     876051   Grand Totals
     76622      17478      11750        144       4528     876051   ELF Image Totals (compressed)
     76622      17478      11750        144          0          0   ROM Totals

==============================================================================

    Total RO  Size (Code + RO Data)                88372 (  86.30kB)
    Total RW  Size (RW Data + ZI Data)              5304 (   5.18kB)
    Total ROM Size (Code + RO Data + RW Data)      88516 (  86.44kB)

==============================================================================

